<html>
<body>
<pre>
<h1>µVision Build Log</h1>
<h2>Tool Versions:</h2>
IDE-Version: ¦ÌVision V5.24.2.0
Copyright (C) 2017 ARM Ltd and ARM Germany GmbH. All rights reserved.
License Information: 12 12, 13, LIC=NHYII-TDZ1I-MS4YP-MH4I8-UKXD6-UUBQB
 
Tool Versions:
Toolchain:       MDK-ARM Professional  Version: 5.24.1
Toolchain Path:  C:\Keil_v5\ARM\ARMCC\Bin
C Compiler:      Armcc.exe V5.06 update 5 (build 528)
Assembler:       Armasm.exe V5.06 update 5 (build 528)
Linker/Locator:  ArmLink.exe V5.06 update 5 (build 528)
Library Manager: ArmAr.exe V5.06 update 5 (build 528)
Hex Converter:   FromElf.exe V5.06 update 5 (build 528)
CPU DLL:         SARMCM3.DLL V5.24.1
Dialog DLL:      DARMCM1.DLL V1.18.0.0
Target DLL:      STLink\ST-LINKIII-KEIL_SWO.dll V3.0.1.0
Dialog DLL:      TARMCM1.DLL V1.13.0.0
 
<h2>Project:</h2>
E:\STM32CubeExpansion_LRWAN_V1.1.4\Projects\Multi\Applications\LoRa\PingPong\MDK-ARM\B-L072Z-LRWAN1\Lora.uvprojx
Project File Date:  01/18/2018

<h2>Output:</h2>
*** Using Compiler 'V5.06 update 5 (build 528)', folder: 'C:\Keil_v5\ARM\ARMCC\Bin'
Rebuild target 'mlm32l07x01'
compiling system_stm32l0xx.c...
compiling b-l072z-lrwan1.c...
compiling stm32l0xx_hal_adc.c...
compiling stm32l0xx_hal_spi.c...
compiling mlm32l07x01.c...
compiling stm32l0xx_hal_uart.c...
compiling sx1276.c...
compiling stm32l0xx_hal_gpio.c...
compiling stm32l0xx_hal.c...
compiling stm32l0xx_hal_rcc_ex.c...
compiling stm32l0xx_hal_cortex.c...
compiling stm32l0xx_hal_pwr.c...
compiling stm32l0xx_hal_rcc.c...
compiling stm32l0xx_hal_dma.c...
compiling stm32l0xx_hal_pwr_ex.c...
compiling stm32l0xx_hal_adc_ex.c...
compiling stm32l0xx_hal_uart_ex.c...
compiling stm32l0xx_hal_tim_ex.c...
compiling stm32l0xx_hal_rtc_ex.c...
compiling stm32l0xx_hal_rtc.c...
assembling startup_stm32l072xx.s...
compiling stm32l0xx_hal_tim.c...
compiling hw_rtc.c...
compiling hw_spi.c...
compiling vcom.c...
compiling debug.c...
compiling stm32l0xx_hal_i2c.c...
compiling main.c...
..\..\src\main.c(290): warning:  #177-D: variable "sdatestructure"  was declared but never referenced
  	RTC_DateTypeDef  sdatestructure = {0};
..\..\src\main.c(317): warning:  #177-D: variable "sdatestructure"  was declared but never referenced
  	RTC_DateTypeDef  sdatestructure = {0};
..\..\src\main.c(235): warning:  #177-D: function "RTC_AlarmConfig"  was declared but never referenced
  static void RTC_AlarmConfig(void)
..\..\src\main.c: 3 warnings, 0 errors
compiling hw_gpio.c...
compiling mlm32l0xx_it.c...
compiling timeServer.c...
compiling low_power_manager.c...
compiling mlm32l0xx_hw.c...
compiling utilities.c...
compiling mlm32l0xx_hal_msp.c...
compiling delay.c...
linking...
Program Size: Code=23052 RO-data=624 RW-data=116 ZI-data=2460  
FromELF: creating hex file...
After Build - User command #1: C:\Keil_v5\\ARM\ARMCC\bin\fromelf.exe --bin --output=NUCLEO_CUBE_LORA.bin .\mlm32l07x01\NUCLEO_CUBE_LORA.axf
".\mlm32l07x01\NUCLEO_CUBE_LORA.axf" - 0 Error(s), 3 Warning(s).

<h2>Software Packages used:</h2>

Package Vendor: Keil
                http://www.keil.com/pack/Keil.STM32L0xx_DFP.1.6.1.pack
                Keil.STM32L0xx_DFP.1.6.1
                STMicroelectronics STM32L0 Series Device Support and Examples

<h2>Collection of Component include folders:</h2>
  .\RTE\_mlm32l07x01
  C:\Keil_v5\ARM\PACK\Keil\STM32L0xx_DFP\1.6.1\Device\Include

<h2>Collection of Component Files used:</h2>
Build Time Elapsed:  00:00:16
</pre>
</body>
</html>
