Component: ARM Compiler 5.06 update 5 (build 528) Tool: armlink [4d35e2]

==============================================================================

Section Cross References

    sx1276.o(i.GetFskBandwidthRegValue) refers to sx1276.o(.constdata) for FskBandwidths
    sx1276.o(i.RxChainCalibration) refers to sx1276.o(i.SX1276Read) for SX1276Read
    sx1276.o(i.RxChainCalibration) refers to sx1276.o(i.SX1276Write) for SX1276Write
    sx1276.o(i.RxChainCalibration) refers to sx1276.o(i.SX1276SetChannel) for SX1276SetChannel
    sx1276.o(i.SX1276BoardInit) refers to sx1276.o(.data) for LoRaBoardCallbacks
    sx1276.o(i.SX1276GetRadioWakeUpTime) refers to sx1276.o(.data) for LoRaBoardCallbacks
    sx1276.o(i.SX1276GetStatus) refers to sx1276.o(.bss) for SX1276
    sx1276.o(i.SX1276GetTimeOnAir) refers to dfltui.o(.text) for __aeabi_ui2d
    sx1276.o(i.SX1276GetTimeOnAir) refers to sx1276.o(i.SX1276Read) for SX1276Read
    sx1276.o(i.SX1276GetTimeOnAir) refers to dflti.o(.text) for __aeabi_i2d
    sx1276.o(i.SX1276GetTimeOnAir) refers to dadd.o(.text) for __aeabi_dadd
    sx1276.o(i.SX1276GetTimeOnAir) refers to dmul.o(.text) for __aeabi_dmul
    sx1276.o(i.SX1276GetTimeOnAir) refers to ddiv.o(.text) for __aeabi_ddiv
    sx1276.o(i.SX1276GetTimeOnAir) refers to round.o(i.round) for round
    sx1276.o(i.SX1276GetTimeOnAir) refers to dfixui.o(.text) for __aeabi_d2uiz
    sx1276.o(i.SX1276GetTimeOnAir) refers to ceil.o(i.ceil) for ceil
    sx1276.o(i.SX1276GetTimeOnAir) refers to cdrcmple.o(.text) for __aeabi_cdrcmple
    sx1276.o(i.SX1276GetTimeOnAir) refers to floor.o(i.floor) for floor
    sx1276.o(i.SX1276GetTimeOnAir) refers to sx1276.o(.bss) for SX1276
    sx1276.o(i.SX1276Init) refers to timeserver.o(i.TimerInit) for TimerInit
    sx1276.o(i.SX1276Init) refers to sx1276.o(i.SX1276Reset) for SX1276Reset
    sx1276.o(i.SX1276Init) refers to sx1276.o(i.RxChainCalibration) for RxChainCalibration
    sx1276.o(i.SX1276Init) refers to sx1276.o(i.SX1276SetOpMode) for SX1276SetOpMode
    sx1276.o(i.SX1276Init) refers to sx1276.o(i.SX1276SetModem) for SX1276SetModem
    sx1276.o(i.SX1276Init) refers to sx1276.o(i.SX1276Write) for SX1276Write
    sx1276.o(i.SX1276Init) refers to sx1276.o(.data) for RadioEvents
    sx1276.o(i.SX1276Init) refers to sx1276.o(i.SX1276OnTimeoutIrq) for SX1276OnTimeoutIrq
    sx1276.o(i.SX1276Init) refers to sx1276.o(.bss) for TxTimeoutTimer
    sx1276.o(i.SX1276Init) refers to sx1276.o(.constdata) for RadioRegsInit
    sx1276.o(i.SX1276IsChannelFree) refers to sx1276.o(i.SX1276SetModem) for SX1276SetModem
    sx1276.o(i.SX1276IsChannelFree) refers to sx1276.o(i.SX1276SetChannel) for SX1276SetChannel
    sx1276.o(i.SX1276IsChannelFree) refers to sx1276.o(i.SX1276SetOpMode) for SX1276SetOpMode
    sx1276.o(i.SX1276IsChannelFree) refers to delay.o(i.DelayMs) for DelayMs
    sx1276.o(i.SX1276IsChannelFree) refers to timeserver.o(i.TimerGetCurrentTime) for TimerGetCurrentTime
    sx1276.o(i.SX1276IsChannelFree) refers to sx1276.o(i.SX1276ReadRssi) for SX1276ReadRssi
    sx1276.o(i.SX1276IsChannelFree) refers to timeserver.o(i.TimerGetElapsedTime) for TimerGetElapsedTime
    sx1276.o(i.SX1276IsChannelFree) refers to sx1276.o(i.SX1276SetSleep) for SX1276SetSleep
    sx1276.o(i.SX1276OnDio0Irq) refers to sx1276.o(i.SX1276Read) for SX1276Read
    sx1276.o(i.SX1276OnDio0Irq) refers to sx1276.o(i.SX1276Write) for SX1276Write
    sx1276.o(i.SX1276OnDio0Irq) refers to timeserver.o(i.TimerStop) for TimerStop
    sx1276.o(i.SX1276OnDio0Irq) refers to timeserver.o(i.TimerStart) for TimerStart
    sx1276.o(i.SX1276OnDio0Irq) refers to sx1276.o(i.SX1276ReadFifo) for SX1276ReadFifo
    sx1276.o(i.SX1276OnDio0Irq) refers to vcom.o(i.vcom_Send) for vcom_Send
    sx1276.o(i.SX1276OnDio0Irq) refers to sx1276.o(.bss) for SX1276
    sx1276.o(i.SX1276OnDio0Irq) refers to sx1276.o(.data) for RadioEvents
    sx1276.o(i.SX1276OnDio1Irq) refers to sx1276.o(i.SX1276ReadFifo) for SX1276ReadFifo
    sx1276.o(i.SX1276OnDio1Irq) refers to sx1276.o(i.SX1276Read) for SX1276Read
    sx1276.o(i.SX1276OnDio1Irq) refers to timeserver.o(i.TimerStop) for TimerStop
    sx1276.o(i.SX1276OnDio1Irq) refers to sx1276.o(i.SX1276Write) for SX1276Write
    sx1276.o(i.SX1276OnDio1Irq) refers to vcom.o(i.vcom_Send) for vcom_Send
    sx1276.o(i.SX1276OnDio1Irq) refers to sx1276.o(i.SX1276WriteFifo) for SX1276WriteFifo
    sx1276.o(i.SX1276OnDio1Irq) refers to sx1276.o(.bss) for SX1276
    sx1276.o(i.SX1276OnDio1Irq) refers to sx1276.o(.data) for RadioEvents
    sx1276.o(i.SX1276OnDio2Irq) refers to timeserver.o(i.TimerStop) for TimerStop
    sx1276.o(i.SX1276OnDio2Irq) refers to sx1276.o(i.SX1276Read) for SX1276Read
    sx1276.o(i.SX1276OnDio2Irq) refers to sx1276.o(i.SX1276Write) for SX1276Write
    sx1276.o(i.SX1276OnDio2Irq) refers to sx1276.o(.bss) for SX1276
    sx1276.o(i.SX1276OnDio2Irq) refers to sx1276.o(.data) for RadioEvents
    sx1276.o(i.SX1276OnDio3Irq) refers to sx1276.o(i.SX1276Read) for SX1276Read
[...]
    i.DBG_Init                               0x08000910   Section        0  debug.o(i.DBG_Init)
    i.DelayMs                                0x0800095c   Section        0  delay.o(i.DelayMs)
    i.EXTI0_1_IRQHandler                     0x08000968   Section        0  mlm32l0xx_it.o(i.EXTI0_1_IRQHandler)
    i.EXTI2_3_IRQHandler                     0x08000978   Section        0  mlm32l0xx_it.o(i.EXTI2_3_IRQHandler)
    i.EXTI4_15_IRQHandler                    0x08000988   Section        0  mlm32l0xx_it.o(i.EXTI4_15_IRQHandler)
    i.EnterStandbyMode_RTC_config            0x080009e4   Section        0  main.o(i.EnterStandbyMode_RTC_config)
    i.Error_Handler                          0x08000a28   Section        0  debug.o(i.Error_Handler)
    i.GetFskBandwidthRegValue                0x08000a2c   Section        0  sx1276.o(i.GetFskBandwidthRegValue)
    GetFskBandwidthRegValue                  0x08000a2d   Thumb Code    46  sx1276.o(i.GetFskBandwidthRegValue)
    i.HAL_ADC_Init                           0x08000a60   Section        0  stm32l0xx_hal_adc.o(i.HAL_ADC_Init)
    i.HAL_ADC_MspInit                        0x08000c94   Section        0  stm32l0xx_hal_adc.o(i.HAL_ADC_MspInit)
    i.HAL_DBGMCU_DisableDBGSleepMode         0x08000c98   Section        0  stm32l0xx_hal.o(i.HAL_DBGMCU_DisableDBGSleepMode)
    i.HAL_DBGMCU_DisableDBGStandbyMode       0x08000cac   Section        0  stm32l0xx_hal.o(i.HAL_DBGMCU_DisableDBGStandbyMode)
    i.HAL_DBGMCU_DisableDBGStopMode          0x08000cc0   Section        0  stm32l0xx_hal.o(i.HAL_DBGMCU_DisableDBGStopMode)
    i.HAL_GPIO_EXTI_Callback                 0x08000cd4   Section        0  mlm32l0xx_hal_msp.o(i.HAL_GPIO_EXTI_Callback)
    i.HAL_GPIO_EXTI_IRQHandler               0x08000ce0   Section        0  stm32l0xx_hal_gpio.o(i.HAL_GPIO_EXTI_IRQHandler)
    i.HAL_GPIO_Init                          0x08000d00   Section        0  stm32l0xx_hal_gpio.o(i.HAL_GPIO_Init)
    i.HAL_GPIO_TogglePin                     0x08000ef8   Section        0  stm32l0xx_hal_gpio.o(i.HAL_GPIO_TogglePin)
    i.HAL_GPIO_WritePin                      0x08000f00   Section        0  stm32l0xx_hal_gpio.o(i.HAL_GPIO_WritePin)
    i.HAL_GetTick                            0x08000f0c   Section        0  stm32l0xx_hal.o(i.HAL_GetTick)
    i.HAL_IncTick                            0x08000f18   Section        0  stm32l0xx_hal.o(i.HAL_IncTick)
    i.HAL_Init                               0x08000f28   Section        0  stm32l0xx_hal.o(i.HAL_Init)
    i.HAL_InitTick                           0x08000f48   Section        0  mlm32l0xx_hal_msp.o(i.HAL_InitTick)
    i.HAL_MspInit                            0x08000f50   Section        0  mlm32l0xx_hal_msp.o(i.HAL_MspInit)
    i.HAL_NVIC_ClearPendingIRQ               0x08000f74   Section        0  stm32l0xx_hal_cortex.o(i.HAL_NVIC_ClearPendingIRQ)
    i.HAL_NVIC_EnableIRQ                     0x08000f8c   Section        0  stm32l0xx_hal_cortex.o(i.HAL_NVIC_EnableIRQ)
    i.HAL_NVIC_SetPendingIRQ                 0x08000fa4   Section        0  stm32l0xx_hal_cortex.o(i.HAL_NVIC_SetPendingIRQ)
    i.HAL_NVIC_SetPriority                   0x08000fbc   Section        0  stm32l0xx_hal_cortex.o(i.HAL_NVIC_SetPriority)
    i.HAL_PWREx_EnableFastWakeUp             0x08000fd0   Section        0  stm32l0xx_hal_pwr_ex.o(i.HAL_PWREx_EnableFastWakeUp)
    i.HAL_PWREx_EnableUltraLowPower          0x08000fe4   Section        0  stm32l0xx_hal_pwr_ex.o(i.HAL_PWREx_EnableUltraLowPower)
    i.HAL_PWR_DisablePVD                     0x08000ff8   Section        0  stm32l0xx_hal_pwr.o(i.HAL_PWR_DisablePVD)
    i.HAL_PWR_EnterSTANDBYMode               0x0800100c   Section        0  stm32l0xx_hal_pwr.o(i.HAL_PWR_EnterSTANDBYMode)
    i.HAL_RCCEx_GetPeriphCLKFreq             0x08001034   Section        0  stm32l0xx_hal_rcc_ex.o(i.HAL_RCCEx_GetPeriphCLKFreq)
    i.HAL_RCCEx_PeriphCLKConfig              0x080013b4   Section        0  stm32l0xx_hal_rcc_ex.o(i.HAL_RCCEx_PeriphCLKConfig)
    i.HAL_RCC_ClockConfig                    0x08001624   Section        0  stm32l0xx_hal_rcc.o(i.HAL_RCC_ClockConfig)
    i.HAL_RCC_GetHCLKFreq                    0x0800181c   Section        0  stm32l0xx_hal_rcc.o(i.HAL_RCC_GetHCLKFreq)
    i.HAL_RCC_GetPCLK1Freq                   0x08001828   Section        0  stm32l0xx_hal_rcc.o(i.HAL_RCC_GetPCLK1Freq)
    i.HAL_RCC_GetPCLK2Freq                   0x0800184c   Section        0  stm32l0xx_hal_rcc.o(i.HAL_RCC_GetPCLK2Freq)
    i.HAL_RCC_GetSysClockFreq                0x08001870   Section        0  stm32l0xx_hal_rcc.o(i.HAL_RCC_GetSysClockFreq)
    i.HAL_RCC_OscConfig                      0x08001954   Section        0  stm32l0xx_hal_rcc.o(i.HAL_RCC_OscConfig)
    i.HAL_RTCEx_EnableBypassShadow           0x08002034   Section        0  stm32l0xx_hal_rtc_ex.o(i.HAL_RTCEx_EnableBypassShadow)
    i.HAL_RTC_AlarmAEventCallback            0x0800208c   Section        0  mlm32l0xx_hal_msp.o(i.HAL_RTC_AlarmAEventCallback)
    i.HAL_RTC_DeactivateAlarm                0x08002096   Section        0  stm32l0xx_hal_rtc.o(i.HAL_RTC_DeactivateAlarm)
    i.HAL_RTC_GetDate                        0x080021a8   Section        0  stm32l0xx_hal_rtc.o(i.HAL_RTC_GetDate)
    i.HAL_RTC_GetTime                        0x08002204   Section        0  stm32l0xx_hal_rtc.o(i.HAL_RTC_GetTime)
    i.HAL_RTC_Init                           0x08002270   Section        0  stm32l0xx_hal_rtc.o(i.HAL_RTC_Init)
    i.HAL_RTC_MspInit                        0x08002338   Section        0  mlm32l0xx_hal_msp.o(i.HAL_RTC_MspInit)
    i.HAL_RTC_SetAlarm_IT                    0x08002398   Section        0  stm32l0xx_hal_rtc.o(i.HAL_RTC_SetAlarm_IT)
    i.HAL_RTC_SetDate                        0x080025f4   Section        0  stm32l0xx_hal_rtc.o(i.HAL_RTC_SetDate)
    i.HAL_RTC_SetTime                        0x08002724   Section        0  stm32l0xx_hal_rtc.o(i.HAL_RTC_SetTime)
    i.HAL_RTC_WaitForSynchro                 0x08002878   Section        0  stm32l0xx_hal_rtc.o(i.HAL_RTC_WaitForSynchro)
    i.HAL_SPI_Init                           0x080028b4   Section        0  stm32l0xx_hal_spi.o(i.HAL_SPI_Init)
    i.HAL_SPI_MspInit                        0x08002942   Section        0  stm32l0xx_hal_spi.o(i.HAL_SPI_MspInit)
    i.HAL_SPI_TransmitReceive                0x08002944   Section        0  stm32l0xx_hal_spi.o(i.HAL_SPI_TransmitReceive)
    i.HAL_UART_Init                          0x08002cc2   Section        0  stm32l0xx_hal_uart.o(i.HAL_UART_Init)
    i.HAL_UART_MspInit                       0x08002d44   Section        0  vcom.o(i.HAL_UART_MspInit)
    i.HAL_UART_Transmit                      0x08002d60   Section        0  stm32l0xx_hal_uart.o(i.HAL_UART_Transmit)
    i.HW_AdcInit                             0x08002e50   Section        0  mlm32l0xx_hw.o(i.HW_AdcInit)
    i.HW_GPIO_GetBitPos                      0x08002ee4   Section        0  hw_gpio.o(i.HW_GPIO_GetBitPos)
    HW_GPIO_GetBitPos                        0x08002ee5   Thumb Code    56  hw_gpio.o(i.HW_GPIO_GetBitPos)
    i.HW_GPIO_Init                           0x08002f28   Section        0  hw_gpio.o(i.HW_GPIO_Init)
    i.HW_GPIO_IrqHandler                     0x08003014   Section        0  hw_gpio.o(i.HW_GPIO_IrqHandler)
    i.HW_GPIO_SetIrq                         0x08003038   Section        0  hw_gpio.o(i.HW_GPIO_SetIrq)
    i.HW_GPIO_Write                          0x0800307c   Section        0  hw_gpio.o(i.HW_GPIO_Write)
    i.HW_Init                                0x08003090   Section        0  mlm32l0xx_hw.o(i.HW_Init)
    i.HW_RTC_DelayMs                         0x080030d8   Section        0  hw_rtc.o(i.HW_RTC_DelayMs)
    i.HW_RTC_GetCalendarValue                0x08003100   Section        0  hw_rtc.o(i.HW_RTC_GetCalendarValue)
    HW_RTC_GetCalendarValue                  0x08003101   Thumb Code   162  hw_rtc.o(i.HW_RTC_GetCalendarValue)
    i.HW_RTC_GetMinimumTimeout               0x080031bc   Section        0  hw_rtc.o(i.HW_RTC_GetMinimumTimeout)
    i.HW_RTC_GetTimerContext                 0x080031c0   Section        0  hw_rtc.o(i.HW_RTC_GetTimerContext)
    i.HW_RTC_GetTimerElapsedTime             0x080031cc   Section        0  hw_rtc.o(i.HW_RTC_GetTimerElapsedTime)
    i.HW_RTC_GetTimerValue                   0x080031e8   Section        0  hw_rtc.o(i.HW_RTC_GetTimerValue)
    i.HW_RTC_Init                            0x080031fc   Section        0  hw_rtc.o(i.HW_RTC_Init)
    i.HW_RTC_IrqHandler                      0x08003220   Section        0  hw_rtc.o(i.HW_RTC_IrqHandler)
    i.HW_RTC_SetAlarm                        0x08003278   Section        0  hw_rtc.o(i.HW_RTC_SetAlarm)
    i.HW_RTC_SetAlarmConfig                  0x080032bc   Section        0  hw_rtc.o(i.HW_RTC_SetAlarmConfig)
    HW_RTC_SetAlarmConfig                    0x080032bd   Thumb Code    14  hw_rtc.o(i.HW_RTC_SetAlarmConfig)
    i.HW_RTC_SetConfig                       0x080032d0   Section        0  hw_rtc.o(i.HW_RTC_SetConfig)
    HW_RTC_SetConfig                         0x080032d1   Thumb Code   100  hw_rtc.o(i.HW_RTC_SetConfig)
    i.HW_RTC_SetTimerContext                 0x08003340   Section        0  hw_rtc.o(i.HW_RTC_SetTimerContext)
    i.HW_RTC_StartWakeUpAlarm                0x0800335c   Section        0  hw_rtc.o(i.HW_RTC_StartWakeUpAlarm)
    HW_RTC_StartWakeUpAlarm                  0x0800335d   Thumb Code   370  hw_rtc.o(i.HW_RTC_StartWakeUpAlarm)
    i.HW_RTC_StopAlarm                       0x080034ec   Section        0  hw_rtc.o(i.HW_RTC_StopAlarm)
    i.HW_RTC_Tick2ms                         0x08003518   Section        0  hw_rtc.o(i.HW_RTC_Tick2ms)
    i.HW_RTC_ms2Tick                         0x08003530   Section        0  hw_rtc.o(i.HW_RTC_ms2Tick)
    i.HW_SPI_InOut                           0x08003548   Section        0  hw_spi.o(i.HW_SPI_InOut)
    i.HW_SPI_Init                            0x08003568   Section        0  hw_spi.o(i.HW_SPI_Init)
    i.HardFault_Handler                      0x0800362c   Section        0  mlm32l0xx_it.o(i.HardFault_Handler)
    i.LPM_GetMode                            0x08003634   Section        0  low_power_manager.o(i.LPM_GetMode)
    i.LPM_SetStopMode                        0x0800366c   Section        0  low_power_manager.o(i.LPM_SetStopMode)
    i.MSP_GetIRQn                            0x080036ac   Section        0  mlm32l0xx_hal_msp.o(i.MSP_GetIRQn)
    i.NMI_Handler                            0x08003748   Section        0  mlm32l0xx_it.o(i.NMI_Handler)
    i.NVIC_SetPriority                       0x0800374c   Section        0  stm32l0xx_hal_cortex.o(i.NVIC_SetPriority)
    NVIC_SetPriority                         0x0800374d   Thumb Code   110  stm32l0xx_hal_cortex.o(i.NVIC_SetPriority)
    i.OnRxDone                               0x080037c4   Section        0  main.o(i.OnRxDone)
    i.OnRxError                              0x08003840   Section        0  main.o(i.OnRxError)
    i.OnRxTimeout                            0x0800386c   Section        0  main.o(i.OnRxTimeout)
    i.OnTxDone                               0x08003884   Section        0  main.o(i.OnTxDone)
    i.OnTxTimeout                            0x080038c0   Section        0  main.o(i.OnTxTimeout)
    i.OnledEvent                             0x080038f4   Section        0  main.o(i.OnledEvent)
    OnledEvent                               0x080038f5   Thumb Code    16  main.o(i.OnledEvent)
    i.PendSV_Handler                         0x08003908   Section        0  mlm32l0xx_it.o(i.PendSV_Handler)
    i.RCC_SetFlashLatencyFromMSIRange        0x0800390c   Section        0  stm32l0xx_hal_rcc.o(i.RCC_SetFlashLatencyFromMSIRange)
    RCC_SetFlashLatencyFromMSIRange          0x0800390d   Thumb Code   138  stm32l0xx_hal_rcc.o(i.RCC_SetFlashLatencyFromMSIRange)
    i.RTC_AlarmConfig                        0x080039a4   Section        0  main.o(i.RTC_AlarmConfig)
    RTC_AlarmConfig                          0x080039a5   Thumb Code   186  main.o(i.RTC_AlarmConfig)
    i.RTC_Bcd2ToByte                         0x08003a80   Section        0  stm32l0xx_hal_rtc.o(i.RTC_Bcd2ToByte)
    i.RTC_ByteToBcd2                         0x08003a9a   Section        0  stm32l0xx_hal_rtc.o(i.RTC_ByteToBcd2)
    i.RTC_EnterInitMode                      0x08003ab4   Section        0  stm32l0xx_hal_rtc.o(i.RTC_EnterInitMode)
    i.RTC_IRQHandler                         0x08003af6   Section        0  mlm32l0xx_it.o(i.RTC_IRQHandler)
    i.RxChainCalibration                     0x08003b00   Section        0  sx1276.o(i.RxChainCalibration)
    i.SPI_WaitOnFlagUntilTimeout             0x08003bb0   Section        0  stm32l0xx_hal_spi.o(i.SPI_WaitOnFlagUntilTimeout)
    SPI_WaitOnFlagUntilTimeout               0x08003bb1   Thumb Code   280  stm32l0xx_hal_spi.o(i.SPI_WaitOnFlagUntilTimeout)
    i.SVC_Handler                            0x08003cc8   Section        0  mlm32l0xx_it.o(i.SVC_Handler)
    i.SX1276AntSwDeInit                      0x08003ccc   Section        0  mlm32l07x01.o(i.SX1276AntSwDeInit)
    SX1276AntSwDeInit                        0x08003ccd   Thumb Code    92  mlm32l07x01.o(i.SX1276AntSwDeInit)
    i.SX1276AntSwInit                        0x08003d2c   Section        0  mlm32l07x01.o(i.SX1276AntSwInit)
    SX1276AntSwInit                          0x08003d2d   Thumb Code    92  mlm32l07x01.o(i.SX1276AntSwInit)
    i.SX1276BoardInit                        0x08003d8c   Section        0  sx1276.o(i.SX1276BoardInit)
    i.SX1276CheckRfFrequency                 0x08003d98   Section        0  mlm32l07x01.o(i.SX1276CheckRfFrequency)
    i.SX1276GetPaSelect                      0x08003d9e   Section        0  mlm32l07x01.o(i.SX1276GetPaSelect)
    i.SX1276GetRadioWakeUpTime               0x08003dac   Section        0  sx1276.o(i.SX1276GetRadioWakeUpTime)
    i.SX1276GetStatus                        0x08003dc0   Section        0  sx1276.o(i.SX1276GetStatus)
    i.SX1276GetTimeOnAir                     0x08003dcc   Section        0  sx1276.o(i.SX1276GetTimeOnAir)
    i.SX1276GetWakeTime                      0x0800406c   Section        0  mlm32l07x01.o(i.SX1276GetWakeTime)
    i.SX1276Init                             0x08004070   Section        0  sx1276.o(i.SX1276Init)
    i.SX1276IoDeInit                         0x0800411c   Section        0  mlm32l07x01.o(i.SX1276IoDeInit)
    i.SX1276IoInit                           0x0800416c   Section        0  mlm32l07x01.o(i.SX1276IoInit)
    i.SX1276IoIrqInit                        0x080041e0   Section        0  mlm32l07x01.o(i.SX1276IoIrqInit)
    i.SX1276IsChannelFree                    0x08004220   Section        0  sx1276.o(i.SX1276IsChannelFree)
    i.SX1276OnDio0Irq                        0x0800427c   Section        0  sx1276.o(i.SX1276OnDio0Irq)
    i.SX1276OnDio1Irq                        0x08004628   Section        0  sx1276.o(i.SX1276OnDio1Irq)
    i.SX1276OnDio2Irq                        0x080047b8   Section        0  sx1276.o(i.SX1276OnDio2Irq)
    i.SX1276OnDio3Irq                        0x080048f8   Section        0  sx1276.o(i.SX1276OnDio3Irq)
    i.SX1276OnDio4Irq                        0x08004974   Section        0  sx1276.o(i.SX1276OnDio4Irq)
    i.SX1276OnTimeoutIrq                     0x080049a4   Section        0  sx1276.o(i.SX1276OnTimeoutIrq)
    i.SX1276Random                           0x08004ab4   Section        0  sx1276.o(i.SX1276Random)
    i.SX1276Read                             0x08004af4   Section        0  sx1276.o(i.SX1276Read)
    i.SX1276ReadBuffer                       0x08004b08   Section        0  sx1276.o(i.SX1276ReadBuffer)
    i.SX1276ReadFifo                         0x08004b48   Section        0  sx1276.o(i.SX1276ReadFifo)
    i.SX1276ReadRssi                         0x08004b5c   Section        0  sx1276.o(i.SX1276ReadRssi)
    i.SX1276Reset                            0x08004bb0   Section        0  sx1276.o(i.SX1276Reset)
    i.SX1276Send                             0x08004c00   Section        0  sx1276.o(i.SX1276Send)
    i.SX1276SetAntSw                         0x08004d30   Section        0  mlm32l07x01.o(i.SX1276SetAntSw)
    i.SX1276SetAntSwLowPower                 0x08004d9c   Section        0  mlm32l07x01.o(i.SX1276SetAntSwLowPower)
    i.SX1276SetChannel                       0x08004db0   Section        0  sx1276.o(i.SX1276SetChannel)
    i.SX1276SetMaxPayloadLength              0x08004e08   Section        0  sx1276.o(i.SX1276SetMaxPayloadLength)
    i.SX1276SetModem                         0x08004e44   Section        0  sx1276.o(i.SX1276SetModem)
    i.SX1276SetOpMode                        0x08004edc   Section        0  sx1276.o(i.SX1276SetOpMode)
    i.SX1276SetPublicNetwork                 0x08004f4c   Section        0  sx1276.o(i.SX1276SetPublicNetwork)
    i.SX1276SetRfTxPower                     0x08004f78   Section        0  mlm32l07x01.o(i.SX1276SetRfTxPower)
    i.SX1276SetRx                            0x0800503c   Section        0  sx1276.o(i.SX1276SetRx)
    i.SX1276SetRxConfig                      0x080052cc   Section        0  sx1276.o(i.SX1276SetRxConfig)
    i.SX1276SetSleep                         0x080055e8   Section        0  sx1276.o(i.SX1276SetSleep)
    i.SX1276SetStby                          0x08005610   Section        0  sx1276.o(i.SX1276SetStby)
    i.SX1276SetTx                            0x08005638   Section        0  sx1276.o(i.SX1276SetTx)
    i.SX1276SetTxConfig                      0x08005704   Section        0  sx1276.o(i.SX1276SetTxConfig)
    i.SX1276SetTxContinuousWave              0x08005974   Section        0  sx1276.o(i.SX1276SetTxContinuousWave)
    i.SX1276SetXO                            0x080059fc   Section        0  mlm32l07x01.o(i.SX1276SetXO)
    i.SX1276StartCad                         0x08005a28   Section        0  sx1276.o(i.SX1276StartCad)
    i.SX1276Write                            0x08005a70   Section        0  sx1276.o(i.SX1276Write)
    i.SX1276WriteBuffer                      0x08005a80   Section        0  sx1276.o(i.SX1276WriteBuffer)
    i.SX1276WriteFifo                        0x08005ac0   Section        0  sx1276.o(i.SX1276WriteFifo)
    i.SpiFrequency                           0x08005ad4   Section        0  hw_spi.o(i.SpiFrequency)
    SpiFrequency                             0x08005ad5   Thumb Code    72  hw_spi.o(i.SpiFrequency)
    i.SysTick_Handler                        0x08005b20   Section        0  mlm32l0xx_it.o(i.SysTick_Handler)
    i.SystemClock_Config                     0x08005b28   Section        0  mlm32l0xx_hw.o(i.SystemClock_Config)
    i.SystemInit                             0x08005bc8   Section        0  system_stm32l0xx.o(i.SystemInit)
    i.TimerExists                            0x08005c30   Section        0  timeserver.o(i.TimerExists)
    TimerExists                              0x08005c31   Thumb Code    26  timeserver.o(i.TimerExists)
    i.TimerGetCurrentTime                    0x08005c50   Section        0  timeserver.o(i.TimerGetCurrentTime)
    i.TimerGetElapsedTime                    0x08005c60   Section        0  timeserver.o(i.TimerGetElapsedTime)
    i.TimerInit                              0x08005c7a   Section        0  timeserver.o(i.TimerInit)
    i.TimerInsertNewHeadTimer                0x08005c88   Section        0  timeserver.o(i.TimerInsertNewHeadTimer)
    TimerInsertNewHeadTimer                  0x08005c89   Thumb Code    30  timeserver.o(i.TimerInsertNewHeadTimer)
    i.TimerInsertTimer                       0x08005cac   Section        0  timeserver.o(i.TimerInsertTimer)
    TimerInsertTimer                         0x08005cad   Thumb Code    46  timeserver.o(i.TimerInsertTimer)
    i.TimerIrqHandler                        0x08005ce0   Section        0  timeserver.o(i.TimerIrqHandler)
    i.TimerSetTimeout                        0x08005d98   Section        0  timeserver.o(i.TimerSetTimeout)
    TimerSetTimeout                          0x08005d99   Thumb Code    42  timeserver.o(i.TimerSetTimeout)
    i.TimerSetValue                          0x08005dc2   Section        0  timeserver.o(i.TimerSetValue)
    i.TimerStart                             0x08005dec   Section        0  timeserver.o(i.TimerStart)
    i.TimerStop                              0x08005e64   Section        0  timeserver.o(i.TimerStop)
    i.UART_AdvFeatureConfig                  0x08005f1c   Section        0  stm32l0xx_hal_uart.o(i.UART_AdvFeatureConfig)
    i.UART_CheckIdleState                    0x0800600c   Section        0  stm32l0xx_hal_uart.o(i.UART_CheckIdleState)
    i.UART_SetConfig                         0x08006080   Section        0  stm32l0xx_hal_uart.o(i.UART_SetConfig)
    i.UART_WaitOnFlagUntilTimeout            0x08006470   Section        0  stm32l0xx_hal_uart.o(i.UART_WaitOnFlagUntilTimeout)
    i.USART2_IRQHandler                      0x080064e0   Section        0  mlm32l0xx_it.o(i.USART2_IRQHandler)
    i.__0vsprintf                            0x080064e8   Section        0  printfa.o(i.__0vsprintf)
    i.__ARM_clz                              0x0800650c   Section        0  depilogue.o(i.__ARM_clz)
    i.__ARM_common_ll_muluu                  0x0800653a   Section        0  stm32l0xx_hal_uart.o(i.__ARM_common_ll_muluu)
    i.__ARM_common_switch8                   0x0800656a   Section        0  sx1276.o(i.__ARM_common_switch8)
    i.__scatterload_copy                     0x08006586   Section       14  handlers.o(i.__scatterload_copy)
    i.__scatterload_null                     0x08006594   Section        2  handlers.o(i.__scatterload_null)
    i.__scatterload_zeroinit                 0x08006596   Section       14  handlers.o(i.__scatterload_zeroinit)
    i.__set_PRIMASK                          0x080065a4   Section        0  timeserver.o(i.__set_PRIMASK)
    __set_PRIMASK                            0x080065a5   Thumb Code     6  timeserver.o(i.__set_PRIMASK)
    i._fp_digits                             0x080065ac   Section        0  printfa.o(i._fp_digits)
    _fp_digits                               0x080065ad   Thumb Code   344  printfa.o(i._fp_digits)
    i._printf_core                           0x08006720   Section        0  printfa.o(i._printf_core)
    _printf_core                             0x08006721   Thumb Code  1754  printfa.o(i._printf_core)
    i._printf_post_padding                   0x08006e0c   Section        0  printfa.o(i._printf_post_padding)
    _printf_post_padding                     0x08006e0d   Thumb Code    32  printfa.o(i._printf_post_padding)
    i._printf_pre_padding                    0x08006e2c   Section        0  printfa.o(i._printf_pre_padding)
    _printf_pre_padding                      0x08006e2d   Thumb Code    44  printfa.o(i._printf_pre_padding)
    i._sputc                                 0x08006e58   Section        0  printfa.o(i._sputc)
    _sputc                                   0x08006e59   Thumb Code    10  printfa.o(i._sputc)
    i.ceil                                   0x08006e64   Section        0  ceil.o(i.ceil)
    i.floor                                  0x08006f2c   Section        0  floor.o(i.floor)
    i.main                                   0x08006ff4   Section        0  main.o(i.main)
    i.memcpy1                                0x08007418   Section        0  utilities.o(i.memcpy1)
    i.round                                  0x08007430   Section        0  round.o(i.round)
    i.vcom_Init                              0x080074cc   Section        0  vcom.o(i.vcom_Init)
    i.vcom_IoInit                            0x08007510   Section        0  vcom.o(i.vcom_IoInit)
    i.vcom_Print                             0x0800758c   Section        0  vcom.o(i.vcom_Print)
    i.vcom_Send                              0x08007608   Section        0  vcom.o(i.vcom_Send)
    .constdata                               0x080076a4   Section      224  sx1276.o(.constdata)
    .constdata                               0x08007784   Section      104  mlm32l07x01.o(.constdata)
    .constdata                               0x080077ec   Section       11  b-l072z-lrwan1.o(.constdata)
    .constdata                               0x080077f7   Section       33  system_stm32l0xx.o(.constdata)
    .constdata                               0x08007818   Section       24  hw_rtc.o(.constdata)
    DaysInMonth                              0x08007818   Data          12  hw_rtc.o(.constdata)
    DaysInMonthLeapYear                      0x08007824   Data          12  hw_rtc.o(.constdata)
    .data                                    0x20000000   Section       32  sx1276.o(.data)
    RadioEvents                              0x20000000   Data           4  sx1276.o(.data)
    LoRaBoardCallbacks                       0x20000004   Data           4  sx1276.o(.data)
    .data                                    0x20000020   Section       24  mlm32l07x01.o(.data)
    BoardCallbacks                           0x20000020   Data          24  mlm32l07x01.o(.data)
    .data                                    0x20000038   Section       20  b-l072z-lrwan1.o(.data)
    .data                                    0x2000004c   Section        4  system_stm32l0xx.o(.data)
    .data                                    0x20000050   Section        4  stm32l0xx_hal.o(.data)
    .data                                    0x20000054   Section        4  hw_rtc.o(.data)
    HW_RTC_Initalized                        0x20000054   Data           1  hw_rtc.o(.data)
    McuWakeUpTimeInitialized                 0x20000055   Data           1  hw_rtc.o(.data)
    McuWakeUpTimeCal                         0x20000056   Data           2  hw_rtc.o(.data)
    .data                                    0x20000058   Section       14  main.o(.data)
    .data                                    0x20000066   Section        4  vcom.o(.data)
    ir                                       0x20000068   Data           2  vcom.o(.data)
    .data                                    0x2000006a   Section        2  mlm32l0xx_hw.o(.data)
    AdcInitialized                           0x2000006a   Data           1  mlm32l0xx_hw.o(.data)
    McuInitialized                           0x2000006b   Data           1  mlm32l0xx_hw.o(.data)
    .data                                    0x2000006c   Section        8  low_power_manager.o(.data)
    StopModeDisable                          0x2000006c   Data           4  low_power_manager.o(.data)
    OffModeDisable                           0x20000070   Data           4  low_power_manager.o(.data)
    .data                                    0x20000074   Section        4  timeserver.o(.data)
    TimerListHead                            0x20000074   Data           4  timeserver.o(.data)
    .bss                                     0x20000078   Section      420  sx1276.o(.bss)
    RxTxBuffer                               0x20000078   Data         256  sx1276.o(.bss)
    .bss                                     0x2000021c   Section       64  hw_gpio.o(.bss)
    GpioIrq                                  0x2000021c   Data          64  hw_gpio.o(.bss)
    .bss                                     0x2000025c   Section      104  hw_rtc.o(.bss)
    RtcHandle                                0x2000025c   Data          36  hw_rtc.o(.bss)
    RTC_AlarmStructure                       0x20000280   Data          40  hw_rtc.o(.bss)
    RtcTimerContext                          0x200002a8   Data          28  hw_rtc.o(.bss)
    .bss                                     0x200002c4   Section       88  hw_spi.o(.bss)
    hspi                                     0x200002c4   Data          88  hw_spi.o(.bss)
    .bss                                     0x2000031c   Section      256  main.o(.bss)
    timerLed                                 0x200003ec   Data          20  main.o(.bss)
    RadioEvents                              0x20000400   Data          28  main.o(.bss)
    .bss                                     0x2000041c   Section      368  vcom.o(.bss)
    buff                                     0x2000041c   Data         256  vcom.o(.bss)
    UartHandle                               0x2000051c   Data         112  vcom.o(.bss)
    .bss                                     0x2000058c   Section       96  mlm32l0xx_hw.o(.bss)
    hadc                                     0x2000058c   Data          96  mlm32l0xx_hw.o(.bss)
    .bss                                     0x200005ec   Section       36  low_power_manager.o(.bss)
    STACK                                    0x20000610   Section     1024  startup_stm32l072xx.o(STACK)

    Global Symbols

    Symbol Name                              Value     Ov Type        Size  Object(Section)

    BuildAttributes$$THM_ISAv3M$S$PE$A:L22$X:L11$S22$IEEE1$IW$USESV6$~STKCKD$USESV7$~SHL$OTIME$ROPI$IEEEJ$EBA8$MICROLIB$REQ8$PRES8$EABIv2 0x00000000   Number         0  anon$$obj.o ABSOLUTE
    __ARM_use_no_argv                        0x00000000   Number         0  main.o ABSOLUTE
    __cpp_initialize__aeabi_                  - Undefined Weak Reference
    __cxa_finalize                            - Undefined Weak Reference
    __decompress                              - Undefined Weak Reference
    _clock_init                               - Undefined Weak Reference
    _microlib_exit                            - Undefined Weak Reference
    __Vectors_Size                           0x000000c0   Number         0  startup_stm32l072xx.o ABSOLUTE
    __Vectors                                0x08000000   Data           4  startup_stm32l072xx.o(RESET)
    __Vectors_End                            0x080000c0   Data           0  startup_stm32l072xx.o(RESET)
    __main                                   0x080000c1   Thumb Code     0  entry.o(.ARM.Collect$$$$00000000)
    _main_stk                                0x080000c1   Thumb Code     0  entry2.o(.ARM.Collect$$$$00000001)
    _main_scatterload                        0x080000c5   Thumb Code     0  entry5.o(.ARM.Collect$$$$00000004)
    __main_after_scatterload                 0x080000c9   Thumb Code     0  entry5.o(.ARM.Collect$$$$00000004)
    _main_clock                              0x080000c9   Thumb Code     0  entry7b.o(.ARM.Collect$$$$00000008)
    _main_cpp_init                           0x080000c9   Thumb Code     0  entry8b.o(.ARM.Collect$$$$0000000A)
    _main_init                               0x080000c9   Thumb Code     0  entry9a.o(.ARM.Collect$$$$0000000B)
    __rt_final_cpp                           0x080000d1   Thumb Code     0  entry10a.o(.ARM.Collect$$$$0000000D)
    __rt_final_exit                          0x080000d1   Thumb Code     0  entry11a.o(.ARM.Collect$$$$0000000F)
    Reset_Handler                            0x080000d5   Thumb Code     8  startup_stm32l072xx.o(.text)
    ADC1_COMP_IRQHandler                     0x080000e7   Thumb Code     0  startup_stm32l072xx.o(.text)
    DMA1_Channel1_IRQHandler                 0x080000e7   Thumb Code     0  startup_stm32l072xx.o(.text)
    DMA1_Channel2_3_IRQHandler               0x080000e7   Thumb Code     0  startup_stm32l072xx.o(.text)
    DMA1_Channel4_5_6_7_IRQHandler           0x080000e7   Thumb Code     0  startup_stm32l072xx.o(.text)
    FLASH_IRQHandler                         0x080000e7   Thumb Code     0  startup_stm32l072xx.o(.text)
    I2C1_IRQHandler                          0x080000e7   Thumb Code     0  startup_stm32l072xx.o(.text)
    I2C2_IRQHandler                          0x080000e7   Thumb Code     0  startup_stm32l072xx.o(.text)
    I2C3_IRQHandler                          0x080000e7   Thumb Code     0  startup_stm32l072xx.o(.text)
    LPTIM1_IRQHandler                        0x080000e7   Thumb Code     0  startup_stm32l072xx.o(.text)
    PVD_IRQHandler                           0x080000e7   Thumb Code     0  startup_stm32l072xx.o(.text)
    RCC_CRS_IRQHandler                       0x080000e7   Thumb Code     0  startup_stm32l072xx.o(.text)
    RNG_LPUART1_IRQHandler                   0x080000e7   Thumb Code     0  startup_stm32l072xx.o(.text)
    SPI1_IRQHandler                          0x080000e7   Thumb Code     0  startup_stm32l072xx.o(.text)
    SPI2_IRQHandler                          0x080000e7   Thumb Code     0  startup_stm32l072xx.o(.text)
    TIM21_IRQHandler                         0x080000e7   Thumb Code     0  startup_stm32l072xx.o(.text)
    TIM22_IRQHandler                         0x080000e7   Thumb Code     0  startup_stm32l072xx.o(.text)
    TIM2_IRQHandler                          0x080000e7   Thumb Code     0  startup_stm32l072xx.o(.text)
    TIM3_IRQHandler                          0x080000e7   Thumb Code     0  startup_stm32l072xx.o(.text)
    TIM6_DAC_IRQHandler                      0x080000e7   Thumb Code     0  startup_stm32l072xx.o(.text)
    TIM7_IRQHandler                          0x080000e7   Thumb Code     0  startup_stm32l072xx.o(.text)
    TSC_IRQHandler                           0x080000e7   Thumb Code     0  startup_stm32l072xx.o(.text)
    USART1_IRQHandler                        0x080000e7   Thumb Code     0  startup_stm32l072xx.o(.text)
    USART4_5_IRQHandler                      0x080000e7   Thumb Code     0  startup_stm32l072xx.o(.text)
    USB_IRQHandler                           0x080000e7   Thumb Code     0  startup_stm32l072xx.o(.text)
    WWDG_IRQHandler                          0x080000e7   Thumb Code     0  startup_stm32l072xx.o(.text)
    __aeabi_uidiv                            0x080000f1   Thumb Code     0  uidiv.o(.text)
    __aeabi_uidivmod                         0x080000f1   Thumb Code    44  uidiv.o(.text)
    __aeabi_idiv                             0x0800011d   Thumb Code     0  idiv.o(.text)
    __aeabi_idivmod                          0x0800011d   Thumb Code    40  idiv.o(.text)
    __aeabi_uldivmod                         0x08000145   Thumb Code    96  uldiv.o(.text)
    __aeabi_memcpy                           0x080001a5   Thumb Code    36  memcpya.o(.text)
    __aeabi_memcpy4                          0x080001a5   Thumb Code     0  memcpya.o(.text)
    __aeabi_memcpy8                          0x080001a5   Thumb Code     0  memcpya.o(.text)
    __aeabi_memset                           0x080001c9   Thumb Code    14  memseta.o(.text)
    __aeabi_memset4                          0x080001c9   Thumb Code     0  memseta.o(.text)
    __aeabi_memset8                          0x080001c9   Thumb Code     0  memseta.o(.text)
    __aeabi_memclr                           0x080001d7   Thumb Code     4  memseta.o(.text)
    __aeabi_memclr4                          0x080001d7   Thumb Code     0  memseta.o(.text)
    __aeabi_memclr8                          0x080001d7   Thumb Code     0  memseta.o(.text)
    _memset$wrapper                          0x080001db   Thumb Code    18  memseta.o(.text)
    strncmp                                  0x080001ed   Thumb Code    30  strncmp.o(.text)
    __aeabi_dadd                             0x0800020d   Thumb Code   328  dadd.o(.text)
    __aeabi_dsub                             0x08000355   Thumb Code    12  dadd.o(.text)
    __aeabi_drsub                            0x08000361   Thumb Code    12  dadd.o(.text)
    __aeabi_dmul                             0x08000371   Thumb Code   202  dmul.o(.text)
    __aeabi_ddiv                             0x08000441   Thumb Code   234  ddiv.o(.text)
    __aeabi_i2d                              0x08000531   Thumb Code    34  dflti.o(.text)
    __aeabi_ui2d                             0x08000559   Thumb Code    24  dfltui.o(.text)
    __aeabi_d2uiz                            0x08000575   Thumb Code    50  dfixui.o(.text)
    __aeabi_cdrcmple                         0x080005b1   Thumb Code    38  cdrcmple.o(.text)
    __aeabi_llsl                             0x080005d9   Thumb Code    32  llshl.o(.text)
    _ll_shift_l                              0x080005d9   Thumb Code     0  llshl.o(.text)
    __aeabi_llsr                             0x080005f9   Thumb Code    34  llushr.o(.text)
    _ll_ushift_r                             0x080005f9   Thumb Code     0  llushr.o(.text)
    __aeabi_lasr                             0x0800061b   Thumb Code    38  llsshr.o(.text)
    _ll_sshift_r                             0x0800061b   Thumb Code     0  llsshr.o(.text)
    __I$use$fp                               0x08000641   Thumb Code     0  iusefp.o(.text)
    _double_round                            0x08000641   Thumb Code    26  depilogue.o(.text)
    _double_epilogue                         0x0800065b   Thumb Code   164  depilogue.o(.text)
    _drnd                                    0x08000701   Thumb Code   114  drnd.o(.text)
    __aeabi_d2ulz                            0x0800077d   Thumb Code    54  dfixul.o(.text)
    __aeabi_cdcmpeq                          0x080007bd   Thumb Code     0  cdcmple.o(.text)
    __aeabi_cdcmple                          0x080007bd   Thumb Code    38  cdcmple.o(.text)
    __scatterload                            0x080007e5   Thumb Code    28  init.o(.text)
    __scatterload_rt2                        0x080007e5   Thumb Code     0  init.o(.text)
    BSP_LED_Init                             0x08000809   Thumb Code   188  b-l072z-lrwan1.o(i.BSP_LED_Init)
    BSP_LED_On                               0x080008d1   Thumb Code    24  b-l072z-lrwan1.o(i.BSP_LED_On)
    BSP_LED_Toggle                           0x080008f1   Thumb Code    22  b-l072z-lrwan1.o(i.BSP_LED_Toggle)
    DBG_Init                                 0x08000911   Thumb Code    72  debug.o(i.DBG_Init)
    DelayMs                                  0x0800095d   Thumb Code    12  delay.o(i.DelayMs)
    EXTI0_1_IRQHandler                       0x08000969   Thumb Code    16  mlm32l0xx_it.o(i.EXTI0_1_IRQHandler)
    EXTI2_3_IRQHandler                       0x08000979   Thumb Code    16  mlm32l0xx_it.o(i.EXTI2_3_IRQHandler)
    EXTI4_15_IRQHandler                      0x08000989   Thumb Code    92  mlm32l0xx_it.o(i.EXTI4_15_IRQHandler)
    EnterStandbyMode_RTC_config              0x080009e5   Thumb Code    58  main.o(i.EnterStandbyMode_RTC_config)
    Error_Handler                            0x08000a29   Thumb Code     4  debug.o(i.Error_Handler)
    HAL_ADC_Init                             0x08000a61   Thumb Code   554  stm32l0xx_hal_adc.o(i.HAL_ADC_Init)
    HAL_ADC_MspInit                          0x08000c95   Thumb Code     2  stm32l0xx_hal_adc.o(i.HAL_ADC_MspInit)
    HAL_DBGMCU_DisableDBGSleepMode           0x08000c99   Thumb Code    14  stm32l0xx_hal.o(i.HAL_DBGMCU_DisableDBGSleepMode)
    HAL_DBGMCU_DisableDBGStandbyMode         0x08000cad   Thumb Code    14  stm32l0xx_hal.o(i.HAL_DBGMCU_DisableDBGStandbyMode)
    HAL_DBGMCU_DisableDBGStopMode            0x08000cc1   Thumb Code    14  stm32l0xx_hal.o(i.HAL_DBGMCU_DisableDBGStopMode)
    HAL_GPIO_EXTI_Callback                   0x08000cd5   Thumb Code    12  mlm32l0xx_hal_msp.o(i.HAL_GPIO_EXTI_Callback)
    HAL_GPIO_EXTI_IRQHandler                 0x08000ce1   Thumb Code    26  stm32l0xx_hal_gpio.o(i.HAL_GPIO_EXTI_IRQHandler)
    HAL_GPIO_Init                            0x08000d01   Thumb Code   472  stm32l0xx_hal_gpio.o(i.HAL_GPIO_Init)
    HAL_GPIO_TogglePin                       0x08000ef9   Thumb Code     8  stm32l0xx_hal_gpio.o(i.HAL_GPIO_TogglePin)
    HAL_GPIO_WritePin                        0x08000f01   Thumb Code    12  stm32l0xx_hal_gpio.o(i.HAL_GPIO_WritePin)
    HAL_GetTick                              0x08000f0d   Thumb Code     6  stm32l0xx_hal.o(i.HAL_GetTick)
    HAL_IncTick                              0x08000f19   Thumb Code    12  stm32l0xx_hal.o(i.HAL_IncTick)
    HAL_Init                                 0x08000f29   Thumb Code    28  stm32l0xx_hal.o(i.HAL_Init)
    HAL_InitTick                             0x08000f49   Thumb Code     6  mlm32l0xx_hal_msp.o(i.HAL_InitTick)
    HAL_MspInit                              0x08000f51   Thumb Code    32  mlm32l0xx_hal_msp.o(i.HAL_MspInit)
    HAL_NVIC_ClearPendingIRQ                 0x08000f75   Thumb Code    18  stm32l0xx_hal_cortex.o(i.HAL_NVIC_ClearPendingIRQ)
    HAL_NVIC_EnableIRQ                       0x08000f8d   Thumb Code    18  stm32l0xx_hal_cortex.o(i.HAL_NVIC_EnableIRQ)
    HAL_NVIC_SetPendingIRQ                   0x08000fa5   Thumb Code    18  stm32l0xx_hal_cortex.o(i.HAL_NVIC_SetPendingIRQ)
    HAL_NVIC_SetPriority                     0x08000fbd   Thumb Code    18  stm32l0xx_hal_cortex.o(i.HAL_NVIC_SetPriority)
    HAL_PWREx_EnableFastWakeUp               0x08000fd1   Thumb Code    16  stm32l0xx_hal_pwr_ex.o(i.HAL_PWREx_EnableFastWakeUp)
    HAL_PWREx_EnableUltraLowPower            0x08000fe5   Thumb Code    16  stm32l0xx_hal_pwr_ex.o(i.HAL_PWREx_EnableUltraLowPower)
    HAL_PWR_DisablePVD                       0x08000ff9   Thumb Code    14  stm32l0xx_hal_pwr.o(i.HAL_PWR_DisablePVD)
    HAL_PWR_EnterSTANDBYMode                 0x0800100d   Thumb Code    32  stm32l0xx_hal_pwr.o(i.HAL_PWR_EnterSTANDBYMode)
    HAL_RCCEx_GetPeriphCLKFreq               0x08001035   Thumb Code   854  stm32l0xx_hal_rcc_ex.o(i.HAL_RCCEx_GetPeriphCLKFreq)
    HAL_RCCEx_PeriphCLKConfig                0x080013b5   Thumb Code   610  stm32l0xx_hal_rcc_ex.o(i.HAL_RCCEx_PeriphCLKConfig)
    HAL_RCC_ClockConfig                      0x08001625   Thumb Code   482  stm32l0xx_hal_rcc.o(i.HAL_RCC_ClockConfig)
    HAL_RCC_GetHCLKFreq                      0x0800181d   Thumb Code     6  stm32l0xx_hal_rcc.o(i.HAL_RCC_GetHCLKFreq)
    HAL_RCC_GetPCLK1Freq                     0x08001829   Thumb Code    26  stm32l0xx_hal_rcc.o(i.HAL_RCC_GetPCLK1Freq)
    HAL_RCC_GetPCLK2Freq                     0x0800184d   Thumb Code    26  stm32l0xx_hal_rcc.o(i.HAL_RCC_GetPCLK2Freq)
    HAL_RCC_GetSysClockFreq                  0x08001871   Thumb Code   206  stm32l0xx_hal_rcc.o(i.HAL_RCC_GetSysClockFreq)
    HAL_RCC_OscConfig                        0x08001955   Thumb Code  1744  stm32l0xx_hal_rcc.o(i.HAL_RCC_OscConfig)
    HAL_RTCEx_EnableBypassShadow             0x08002035   Thumb Code    88  stm32l0xx_hal_rtc_ex.o(i.HAL_RTCEx_EnableBypassShadow)
    HAL_RTC_AlarmAEventCallback              0x0800208d   Thumb Code    10  mlm32l0xx_hal_msp.o(i.HAL_RTC_AlarmAEventCallback)
    HAL_RTC_DeactivateAlarm                  0x08002097   Thumb Code   274  stm32l0xx_hal_rtc.o(i.HAL_RTC_DeactivateAlarm)
    HAL_RTC_GetDate                          0x080021a9   Thumb Code    88  stm32l0xx_hal_rtc.o(i.HAL_RTC_GetDate)
    HAL_RTC_GetTime                          0x08002205   Thumb Code   104  stm32l0xx_hal_rtc.o(i.HAL_RTC_GetTime)
    HAL_RTC_Init                             0x08002271   Thumb Code   196  stm32l0xx_hal_rtc.o(i.HAL_RTC_Init)
    HAL_RTC_MspInit                          0x08002339   Thumb Code    90  mlm32l0xx_hal_msp.o(i.HAL_RTC_MspInit)
    HAL_RTC_SetAlarm_IT                      0x08002399   Thumb Code   590  stm32l0xx_hal_rtc.o(i.HAL_RTC_SetAlarm_IT)
    HAL_RTC_SetDate                          0x080025f5   Thumb Code   298  stm32l0xx_hal_rtc.o(i.HAL_RTC_SetDate)
    HAL_RTC_SetTime                          0x08002725   Thumb Code   336  stm32l0xx_hal_rtc.o(i.HAL_RTC_SetTime)
    HAL_RTC_WaitForSynchro                   0x08002879   Thumb Code    60  stm32l0xx_hal_rtc.o(i.HAL_RTC_WaitForSynchro)
    HAL_SPI_Init                             0x080028b5   Thumb Code   142  stm32l0xx_hal_spi.o(i.HAL_SPI_Init)
    HAL_SPI_MspInit                          0x08002943   Thumb Code     2  stm32l0xx_hal_spi.o(i.HAL_SPI_MspInit)
    HAL_SPI_TransmitReceive                  0x08002945   Thumb Code   894  stm32l0xx_hal_spi.o(i.HAL_SPI_TransmitReceive)
    HAL_UART_Init                            0x08002cc3   Thumb Code   130  stm32l0xx_hal_uart.o(i.HAL_UART_Init)
    HAL_UART_MspInit                         0x08002d45   Thumb Code    24  vcom.o(i.HAL_UART_MspInit)
    HAL_UART_Transmit                        0x08002d61   Thumb Code   240  stm32l0xx_hal_uart.o(i.HAL_UART_Transmit)
    HW_AdcInit                               0x08002e51   Thumb Code   130  mlm32l0xx_hw.o(i.HW_AdcInit)
    HW_GPIO_Init                             0x08002f29   Thumb Code   222  hw_gpio.o(i.HW_GPIO_Init)
    HW_GPIO_IrqHandler                       0x08003015   Thumb Code    32  hw_gpio.o(i.HW_GPIO_IrqHandler)
    HW_GPIO_SetIrq                           0x08003039   Thumb Code    62  hw_gpio.o(i.HW_GPIO_SetIrq)
    HW_GPIO_Write                            0x0800307d   Thumb Code    20  hw_gpio.o(i.HW_GPIO_Write)
    HW_Init                                  0x08003091   Thumb Code    64  mlm32l0xx_hw.o(i.HW_Init)
    HW_RTC_DelayMs                           0x080030d9   Thumb Code    38  hw_rtc.o(i.HW_RTC_DelayMs)
    HW_RTC_GetMinimumTimeout                 0x080031bd   Thumb Code     4  hw_rtc.o(i.HW_RTC_GetMinimumTimeout)
    HW_RTC_GetTimerContext                   0x080031c1   Thumb Code     6  hw_rtc.o(i.HW_RTC_GetTimerContext)
    HW_RTC_GetTimerElapsedTime               0x080031cd   Thumb Code    24  hw_rtc.o(i.HW_RTC_GetTimerElapsedTime)
    HW_RTC_GetTimerValue                     0x080031e9   Thumb Code    20  hw_rtc.o(i.HW_RTC_GetTimerValue)
    HW_RTC_Init                              0x080031fd   Thumb Code    30  hw_rtc.o(i.HW_RTC_Init)
    HW_RTC_IrqHandler                        0x08003221   Thumb Code    74  hw_rtc.o(i.HW_RTC_IrqHandler)
    HW_RTC_SetAlarm                          0x08003279   Thumb Code    64  hw_rtc.o(i.HW_RTC_SetAlarm)
    HW_RTC_SetTimerContext                   0x08003341   Thumb Code    24  hw_rtc.o(i.HW_RTC_SetTimerContext)
    HW_RTC_StopAlarm                         0x080034ed   Thumb Code    34  hw_rtc.o(i.HW_RTC_StopAlarm)
    HW_RTC_Tick2ms                           0x08003519   Thumb Code    24  hw_rtc.o(i.HW_RTC_Tick2ms)
    HW_RTC_ms2Tick                           0x08003531   Thumb Code    24  hw_rtc.o(i.HW_RTC_ms2Tick)
    HW_SPI_InOut                             0x08003549   Thumb Code    28  hw_spi.o(i.HW_SPI_InOut)
    HW_SPI_Init                              0x08003569   Thumb Code   176  hw_spi.o(i.HW_SPI_Init)
    HardFault_Handler                        0x0800362d   Thumb Code     6  mlm32l0xx_it.o(i.HardFault_Handler)
    LPM_GetMode                              0x08003635   Thumb Code    46  low_power_manager.o(i.LPM_GetMode)
    LPM_SetStopMode                          0x0800366d   Thumb Code    60  low_power_manager.o(i.LPM_SetStopMode)
    MSP_GetIRQn                              0x080036ad   Thumb Code   156  mlm32l0xx_hal_msp.o(i.MSP_GetIRQn)
    NMI_Handler                              0x08003749   Thumb Code     2  mlm32l0xx_it.o(i.NMI_Handler)
    OnRxDone                                 0x080037c5   Thumb Code    64  main.o(i.OnRxDone)
    OnRxError                                0x08003841   Thumb Code    22  main.o(i.OnRxError)
    OnRxTimeout                              0x0800386d   Thumb Code    16  main.o(i.OnRxTimeout)
    OnTxDone                                 0x08003885   Thumb Code    44  main.o(i.OnTxDone)
    OnTxTimeout                              0x080038c1   Thumb Code    28  main.o(i.OnTxTimeout)
    PendSV_Handler                           0x08003909   Thumb Code     2  mlm32l0xx_it.o(i.PendSV_Handler)
    RTC_Bcd2ToByte                           0x08003a81   Thumb Code    26  stm32l0xx_hal_rtc.o(i.RTC_Bcd2ToByte)
    RTC_ByteToBcd2                           0x08003a9b   Thumb Code    26  stm32l0xx_hal_rtc.o(i.RTC_ByteToBcd2)
    RTC_EnterInitMode                        0x08003ab5   Thumb Code    66  stm32l0xx_hal_rtc.o(i.RTC_EnterInitMode)
    RTC_IRQHandler                           0x08003af7   Thumb Code     8  mlm32l0xx_it.o(i.RTC_IRQHandler)
    RxChainCalibration                       0x08003b01   Thumb Code   168  sx1276.o(i.RxChainCalibration)
    SVC_Handler                              0x08003cc9   Thumb Code     2  mlm32l0xx_it.o(i.SVC_Handler)
    SX1276BoardInit                          0x08003d8d   Thumb Code     6  sx1276.o(i.SX1276BoardInit)
    SX1276CheckRfFrequency                   0x08003d99   Thumb Code     6  mlm32l07x01.o(i.SX1276CheckRfFrequency)
    SX1276GetPaSelect                        0x08003d9f   Thumb Code    14  mlm32l07x01.o(i.SX1276GetPaSelect)
    SX1276GetRadioWakeUpTime                 0x08003dad   Thumb Code    14  sx1276.o(i.SX1276GetRadioWakeUpTime)
    SX1276GetStatus                          0x08003dc1   Thumb Code     6  sx1276.o(i.SX1276GetStatus)
    SX1276GetTimeOnAir                       0x08003dcd   Thumb Code   630  sx1276.o(i.SX1276GetTimeOnAir)
    SX1276GetWakeTime                        0x0800406d   Thumb Code     4  mlm32l07x01.o(i.SX1276GetWakeTime)
    SX1276Init                               0x08004071   Thumb Code   136  sx1276.o(i.SX1276Init)
    SX1276IoDeInit                           0x0800411d   Thumb Code    66  mlm32l07x01.o(i.SX1276IoDeInit)
    SX1276IoInit                             0x0800416d   Thumb Code    98  mlm32l07x01.o(i.SX1276IoInit)
    SX1276IoIrqInit                          0x080041e1   Thumb Code    56  mlm32l07x01.o(i.SX1276IoIrqInit)
    SX1276IsChannelFree                      0x08004221   Thumb Code    92  sx1276.o(i.SX1276IsChannelFree)
    SX1276OnDio0Irq                          0x0800427d   Thumb Code   888  sx1276.o(i.SX1276OnDio0Irq)
    SX1276OnDio1Irq                          0x08004629   Thumb Code   370  sx1276.o(i.SX1276OnDio1Irq)
    SX1276OnDio2Irq                          0x080047b9   Thumb Code   304  sx1276.o(i.SX1276OnDio2Irq)
    SX1276OnDio3Irq                          0x080048f9   Thumb Code   114  sx1276.o(i.SX1276OnDio3Irq)
    SX1276OnDio4Irq                          0x08004975   Thumb Code    42  sx1276.o(i.SX1276OnDio4Irq)
    SX1276OnTimeoutIrq                       0x080049a5   Thumb Code   254  sx1276.o(i.SX1276OnTimeoutIrq)
    SX1276Random                             0x08004ab5   Thumb Code    64  sx1276.o(i.SX1276Random)
    SX1276Read                               0x08004af5   Thumb Code    20  sx1276.o(i.SX1276Read)
    SX1276ReadBuffer                         0x08004b09   Thumb Code    64  sx1276.o(i.SX1276ReadBuffer)
    SX1276ReadFifo                           0x08004b49   Thumb Code    18  sx1276.o(i.SX1276ReadFifo)
    SX1276ReadRssi                           0x08004b5d   Thumb Code    74  sx1276.o(i.SX1276ReadRssi)
    SX1276Reset                              0x08004bb1   Thumb Code    74  sx1276.o(i.SX1276Reset)
    SX1276Send                               0x08004c01   Thumb Code   296  sx1276.o(i.SX1276Send)
    SX1276SetAntSw                           0x08004d31   Thumb Code    98  mlm32l07x01.o(i.SX1276SetAntSw)
    SX1276SetAntSwLowPower                   0x08004d9d   Thumb Code    20  mlm32l07x01.o(i.SX1276SetAntSwLowPower)
    SX1276SetChannel                         0x08004db1   Thumb Code    74  sx1276.o(i.SX1276SetChannel)
    SX1276SetMaxPayloadLength                0x08004e09   Thumb Code    54  sx1276.o(i.SX1276SetMaxPayloadLength)
    SX1276SetModem                           0x08004e45   Thumb Code   148  sx1276.o(i.SX1276SetModem)
    SX1276SetOpMode                          0x08004edd   Thumb Code   106  sx1276.o(i.SX1276SetOpMode)
    SX1276SetPublicNetwork                   0x08004f4d   Thumb Code    38  sx1276.o(i.SX1276SetPublicNetwork)
    SX1276SetRfTxPower                       0x08004f79   Thumb Code   196  mlm32l07x01.o(i.SX1276SetRfTxPower)
    SX1276SetRx                              0x0800503d   Thumb Code   616  sx1276.o(i.SX1276SetRx)
    SX1276SetRxConfig                        0x080052cd   Thumb Code   772  sx1276.o(i.SX1276SetRxConfig)
    SX1276SetSleep                           0x080055e9   Thumb Code    28  sx1276.o(i.SX1276SetSleep)
    SX1276SetStby                            0x08005611   Thumb Code    28  sx1276.o(i.SX1276SetStby)
    SX1276SetTx                              0x08005639   Thumb Code   194  sx1276.o(i.SX1276SetTx)
    SX1276SetTxConfig                        0x08005705   Thumb Code   608  sx1276.o(i.SX1276SetTxConfig)
    SX1276SetTxContinuousWave                0x08005975   Thumb Code   126  sx1276.o(i.SX1276SetTxContinuousWave)
    SX1276SetXO                              0x080059fd   Thumb Code    44  mlm32l07x01.o(i.SX1276SetXO)
    SX1276StartCad                           0x08005a29   Thumb Code    66  sx1276.o(i.SX1276StartCad)
    SX1276Write                              0x08005a71   Thumb Code    16  sx1276.o(i.SX1276Write)
    SX1276WriteBuffer                        0x08005a81   Thumb Code    64  sx1276.o(i.SX1276WriteBuffer)
    SX1276WriteFifo                          0x08005ac1   Thumb Code    18  sx1276.o(i.SX1276WriteFifo)
    SysTick_Handler                          0x08005b21   Thumb Code     8  mlm32l0xx_it.o(i.SysTick_Handler)
    SystemClock_Config                       0x08005b29   Thumb Code   152  mlm32l0xx_hw.o(i.SystemClock_Config)
    SystemInit                               0x08005bc9   Thumb Code    88  system_stm32l0xx.o(i.SystemInit)
    TimerGetCurrentTime                      0x08005c51   Thumb Code    16  timeserver.o(i.TimerGetCurrentTime)
    TimerGetElapsedTime                      0x08005c61   Thumb Code    26  timeserver.o(i.TimerGetElapsedTime)
    TimerInit                                0x08005c7b   Thumb Code    14  timeserver.o(i.TimerInit)
    TimerIrqHandler                          0x08005ce1   Thumb Code   180  timeserver.o(i.TimerIrqHandler)
    TimerSetValue                            0x08005dc3   Thumb Code    40  timeserver.o(i.TimerSetValue)
    TimerStart                               0x08005ded   Thumb Code   114  timeserver.o(i.TimerStart)
    TimerStop                                0x08005e65   Thumb Code   180  timeserver.o(i.TimerStop)
    UART_AdvFeatureConfig                    0x08005f1d   Thumb Code   240  stm32l0xx_hal_uart.o(i.UART_AdvFeatureConfig)
    UART_CheckIdleState                      0x0800600d   Thumb Code   112  stm32l0xx_hal_uart.o(i.UART_CheckIdleState)
    UART_SetConfig                           0x08006081   Thumb Code   954  stm32l0xx_hal_uart.o(i.UART_SetConfig)
    UART_WaitOnFlagUntilTimeout              0x08006471   Thumb Code   112  stm32l0xx_hal_uart.o(i.UART_WaitOnFlagUntilTimeout)
    USART2_IRQHandler                        0x080064e1   Thumb Code     8  mlm32l0xx_it.o(i.USART2_IRQHandler)
    __0vsprintf                              0x080064e9   Thumb Code    30  printfa.o(i.__0vsprintf)
    __1vsprintf                              0x080064e9   Thumb Code     0  printfa.o(i.__0vsprintf)
    __2vsprintf                              0x080064e9   Thumb Code     0  printfa.o(i.__0vsprintf)
    __c89vsprintf                            0x080064e9   Thumb Code     0  printfa.o(i.__0vsprintf)
    vsprintf                                 0x080064e9   Thumb Code     0  printfa.o(i.__0vsprintf)
    __ARM_clz                                0x0800650d   Thumb Code    46  depilogue.o(i.__ARM_clz)
    __ARM_common_ll_muluu                    0x0800653b   Thumb Code    48  stm32l0xx_hal_uart.o(i.__ARM_common_ll_muluu)
    __ARM_common_switch8                     0x0800656b   Thumb Code    28  sx1276.o(i.__ARM_common_switch8)
    __scatterload_copy                       0x08006587   Thumb Code    14  handlers.o(i.__scatterload_copy)
    __scatterload_null                       0x08006595   Thumb Code     2  handlers.o(i.__scatterload_null)
    __scatterload_zeroinit                   0x08006597   Thumb Code    14  handlers.o(i.__scatterload_zeroinit)
    ceil                                     0x08006e65   Thumb Code   180  ceil.o(i.ceil)
    floor                                    0x08006f2d   Thumb Code   180  floor.o(i.floor)
    main                                     0x08006ff5   Thumb Code   788  main.o(i.main)
    memcpy1                                  0x08007419   Thumb Code    24  utilities.o(i.memcpy1)
    round                                    0x08007431   Thumb Code   142  round.o(i.round)
    vcom_Init                                0x080074cd   Thumb Code    60  vcom.o(i.vcom_Init)
    vcom_IoInit                              0x08007511   Thumb Code   120  vcom.o(i.vcom_IoInit)
    vcom_Print                               0x0800758d   Thumb Code   106  vcom.o(i.vcom_Print)
    vcom_Send                                0x08007609   Thumb Code   146  vcom.o(i.vcom_Send)
    RadioRegsInit                            0x080076a4   Data          48  sx1276.o(.constdata)
    FskBandwidths                            0x080076d4   Data         176  sx1276.o(.constdata)
    Radio                                    0x08007784   Data         104  mlm32l07x01.o(.constdata)
    LED_PIN                                  0x080077ec   Data           8  b-l072z-lrwan1.o(.constdata)
    BUTTON_PIN                               0x080077f4   Data           2  b-l072z-lrwan1.o(.constdata)
    BUTTON_IRQn                              0x080077f6   Data           1  b-l072z-lrwan1.o(.constdata)
    AHBPrescTable                            0x080077f7   Data          16  system_stm32l0xx.o(.constdata)
    APBPrescTable                            0x08007807   Data           8  system_stm32l0xx.o(.constdata)
    PLLMulTable                              0x0800780f   Data           9  system_stm32l0xx.o(.constdata)
    Region$$Table$$Base                      0x08007830   Number         0  anon$$obj.o(Region$$Table)
    Region$$Table$$Limit                     0x08007850   Number         0  anon$$obj.o(Region$$Table)
    DioIrq                                   0x20000008   Data          24  sx1276.o(.data)
    LED_PORT                                 0x20000038   Data          16  b-l072z-lrwan1.o(.data)
    BUTTON_PORT                              0x20000048   Data           4  b-l072z-lrwan1.o(.data)
    SystemCoreClock                          0x2000004c   Data           4  system_stm32l0xx.o(.data)
    uwTick                                   0x20000050   Data           4  stm32l0xx_hal.o(.data)
    isMaster                                 0x20000058   Data           1  main.o(.data)
    State                                    0x20000059   Data           1  main.o(.data)
    PongMsg                                  0x2000005a   Data           4  main.o(.data)
    BufferSize                               0x2000005e   Data           2  main.o(.data)
    StandByTime                              0x20000060   Data           4  main.o(.data)
    RssiValue                                0x20000064   Data           1  main.o(.data)
    SnrValue                                 0x20000065   Data           1  main.o(.data)
    iw                                       0x20000066   Data           2  vcom.o(.data)
    SX1276                                   0x20000178   Data         104  sx1276.o(.bss)
    TxTimeoutTimer                           0x200001e0   Data          20  sx1276.o(.bss)
    RxTimeoutTimer                           0x200001f4   Data          20  sx1276.o(.bss)
    RxTimeoutSyncWord                        0x20000208   Data          20  sx1276.o(.bss)
    Buffer                                   0x2000031c   Data          64  main.o(.bss)
    LoRaCMD                                  0x2000035c   Data          12  main.o(.bss)
    LoRaReport                               0x20000368   Data         132  main.o(.bss)
    RtcHandle                                0x200005ec   Data          36  low_power_manager.o(.bss)
    __initial_sp                             0x20000a10   Data           0  startup_stm32l072xx.o(STACK)



==============================================================================

Memory Map of the image

  Image Entry point : 0x080000c1

  Load Region LR_IROM1 (Base: 0x08000000, Size: 0x000078c8, Max: 0x00030000, ABSOLUTE)

    Execution Region ER_IROM1 (Exec base: 0x08000000, Load base: 0x08000000, Size: 0x00007850, Max: 0x00030000, ABSOLUTE)

    Exec Addr    Load Addr    Size         Type   Attr      Idx    E Section Name        Object

    0x08000000   0x08000000   0x000000c0   Data   RO         3762    RESET               startup_stm32l072xx.o
    0x080000c0   0x080000c0   0x00000000   Code   RO         4717  * .ARM.Collect$$$$00000000  mc_p.l(entry.o)
    0x080000c0   0x080000c0   0x00000004   Code   RO         4780    .ARM.Collect$$$$00000001  mc_p.l(entry2.o)
    0x080000c4   0x080000c4   0x00000004   Code   RO         4783    .ARM.Collect$$$$00000004  mc_p.l(entry5.o)
    0x080000c8   0x080000c8   0x00000000   Code   RO         4785    .ARM.Collect$$$$00000008  mc_p.l(entry7b.o)
    0x080000c8   0x080000c8   0x00000000   Code   RO         4787    .ARM.Collect$$$$0000000A  mc_p.l(entry8b.o)
    0x080000c8   0x080000c8   0x00000008   Code   RO         4788    .ARM.Collect$$$$0000000B  mc_p.l(entry9a.o)
    0x080000d0   0x080000d0   0x00000000   Code   RO         4790    .ARM.Collect$$$$0000000D  mc_p.l(entry10a.o)
    0x080000d0   0x080000d0   0x00000000   Code   RO         4792    .ARM.Collect$$$$0000000F  mc_p.l(entry11a.o)
    0x080000d0   0x080000d0   0x00000004   Code   RO         4781    .ARM.Collect$$$$00002712  mc_p.l(entry2.o)
    0x080000d4   0x080000d4   0x0000001c   Code   RO         3763    .text               startup_stm32l072xx.o
    0x080000f0   0x080000f0   0x0000002c   Code   RO         4720    .text               mc_p.l(uidiv.o)
    0x0800011c   0x0800011c   0x00000028   Code   RO         4722    .text               mc_p.l(idiv.o)
    0x08000144   0x08000144   0x00000060   Code   RO         4724    .text               mc_p.l(uldiv.o)
    0x080001a4   0x080001a4   0x00000024   Code   RO         4726    .text               mc_p.l(memcpya.o)
    0x080001c8   0x080001c8   0x00000024   Code   RO         4728    .text               mc_p.l(memseta.o)
    0x080001ec   0x080001ec   0x0000001e   Code   RO         4730    .text               mc_p.l(strncmp.o)
    0x0800020a   0x0800020a   0x00000002   PAD
    0x0800020c   0x0800020c   0x00000164   Code   RO         4764    .text               mf_p.l(dadd.o)
    0x08000370   0x08000370   0x000000d0   Code   RO         4766    .text               mf_p.l(dmul.o)
    0x08000440   0x08000440   0x000000f0   Code   RO         4768    .text               mf_p.l(ddiv.o)
    0x08000530   0x08000530   0x00000028   Code   RO         4770    .text               mf_p.l(dflti.o)
    0x08000558   0x08000558   0x0000001c   Code   RO         4772    .text               mf_p.l(dfltui.o)
    0x08000574   0x08000574   0x0000003c   Code   RO         4776    .text               mf_p.l(dfixui.o)
    0x080005b0   0x080005b0   0x00000028   Code   RO         4778    .text               mf_p.l(cdrcmple.o)
    0x080005d8   0x080005d8   0x00000020   Code   RO         4797    .text               mc_p.l(llshl.o)
    0x080005f8   0x080005f8   0x00000022   Code   RO         4799    .text               mc_p.l(llushr.o)
    0x0800061a   0x0800061a   0x00000026   Code   RO         4801    .text               mc_p.l(llsshr.o)
    0x08000640   0x08000640   0x00000000   Code   RO         4803    .text               mc_p.l(iusefp.o)
    0x08000640   0x08000640   0x000000be   Code   RO         4804    .text               mf_p.l(depilogue.o)
    0x080006fe   0x080006fe   0x00000002   PAD
    0x08000700   0x08000700   0x0000007c   Code   RO         4808    .text               mf_p.l(drnd.o)
    0x0800077c   0x0800077c   0x00000040   Code   RO         4810    .text               mf_p.l(dfixul.o)
    0x080007bc   0x080007bc   0x00000028   Code   RO         4812    .text               mf_p.l(cdcmple.o)
    0x080007e4   0x080007e4   0x00000024   Code   RO         4814    .text               mc_p.l(init.o)
    0x08000808   0x08000808   0x000000c8   Code   RO          528    i.BSP_LED_Init      b-l072z-lrwan1.o
    0x080008d0   0x080008d0   0x00000020   Code   RO          530    i.BSP_LED_On        b-l072z-lrwan1.o
    0x080008f0   0x080008f0   0x00000020   Code   RO          531    i.BSP_LED_Toggle    b-l072z-lrwan1.o
    0x08000910   0x08000910   0x0000004c   Code   RO         3769    i.DBG_Init          debug.o
    0x0800095c   0x0800095c   0x0000000c   Code   RO         4439    i.DelayMs           delay.o
    0x08000968   0x08000968   0x00000010   Code   RO         4244    i.EXTI0_1_IRQHandler  mlm32l0xx_it.o
    0x08000978   0x08000978   0x00000010   Code   RO         4245    i.EXTI2_3_IRQHandler  mlm32l0xx_it.o
    0x08000988   0x08000988   0x0000005c   Code   RO         4246    i.EXTI4_15_IRQHandler  mlm32l0xx_it.o
    0x080009e4   0x080009e4   0x00000044   Code   RO         4013    i.EnterStandbyMode_RTC_config  main.o
    0x08000a28   0x08000a28   0x00000004   Code   RO         3770    i.Error_Handler     debug.o
    0x08000a2c   0x08000a2c   0x00000034   Code   RO            3    i.GetFskBandwidthRegValue  sx1276.o
    0x08000a60   0x08000a60   0x00000234   Code   RO         1229    i.HAL_ADC_Init      stm32l0xx_hal_adc.o
    0x08000c94   0x08000c94   0x00000002   Code   RO         1232    i.HAL_ADC_MspInit   stm32l0xx_hal_adc.o
    0x08000c96   0x08000c96   0x00000002   PAD
    0x08000c98   0x08000c98   0x00000014   Code   RO         1620    i.HAL_DBGMCU_DisableDBGSleepMode  stm32l0xx_hal.o
    0x08000cac   0x08000cac   0x00000014   Code   RO         1621    i.HAL_DBGMCU_DisableDBGStandbyMode  stm32l0xx_hal.o
    0x08000cc0   0x08000cc0   0x00000014   Code   RO         1622    i.HAL_DBGMCU_DisableDBGStopMode  stm32l0xx_hal.o
    0x08000cd4   0x08000cd4   0x0000000c   Code   RO         4181    i.HAL_GPIO_EXTI_Callback  mlm32l0xx_hal_msp.o
    0x08000ce0   0x08000ce0   0x00000020   Code   RO         1887    i.HAL_GPIO_EXTI_IRQHandler  stm32l0xx_hal_gpio.o
    0x08000d00   0x08000d00   0x000001f8   Code   RO         1888    i.HAL_GPIO_Init     stm32l0xx_hal_gpio.o
    0x08000ef8   0x08000ef8   0x00000008   Code   RO         1891    i.HAL_GPIO_TogglePin  stm32l0xx_hal_gpio.o
    0x08000f00   0x08000f00   0x0000000c   Code   RO         1892    i.HAL_GPIO_WritePin  stm32l0xx_hal_gpio.o
    0x08000f0c   0x08000f0c   0x0000000c   Code   RO         1631    i.HAL_GetTick       stm32l0xx_hal.o
    0x08000f18   0x08000f18   0x00000010   Code   RO         1632    i.HAL_IncTick       stm32l0xx_hal.o
    0x08000f28   0x08000f28   0x00000020   Code   RO         1633    i.HAL_Init          stm32l0xx_hal.o
    0x08000f48   0x08000f48   0x00000006   Code   RO         4182    i.HAL_InitTick      mlm32l0xx_hal_msp.o
    0x08000f4e   0x08000f4e   0x00000002   PAD
    0x08000f50   0x08000f50   0x00000024   Code   RO         4183    i.HAL_MspInit       mlm32l0xx_hal_msp.o
    0x08000f74   0x08000f74   0x00000018   Code   RO         1786    i.HAL_NVIC_ClearPendingIRQ  stm32l0xx_hal_cortex.o
    0x08000f8c   0x08000f8c   0x00000018   Code   RO         1788    i.HAL_NVIC_EnableIRQ  stm32l0xx_hal_cortex.o
    0x08000fa4   0x08000fa4   0x00000018   Code   RO         1791    i.HAL_NVIC_SetPendingIRQ  stm32l0xx_hal_cortex.o
    0x08000fbc   0x08000fbc   0x00000012   Code   RO         1792    i.HAL_NVIC_SetPriority  stm32l0xx_hal_cortex.o
    0x08000fce   0x08000fce   0x00000002   PAD
    0x08000fd0   0x08000fd0   0x00000014   Code   RO         2145    i.HAL_PWREx_EnableFastWakeUp  stm32l0xx_hal_pwr_ex.o
    0x08000fe4   0x08000fe4   0x00000014   Code   RO         2147    i.HAL_PWREx_EnableUltraLowPower  stm32l0xx_hal_pwr_ex.o
    0x08000ff8   0x08000ff8   0x00000014   Code   RO         2029    i.HAL_PWR_DisablePVD  stm32l0xx_hal_pwr.o
    0x0800100c   0x0800100c   0x00000028   Code   RO         2039    i.HAL_PWR_EnterSTANDBYMode  stm32l0xx_hal_pwr.o
    0x08001034   0x08001034   0x00000380   Code   RO         1505    i.HAL_RCCEx_GetPeriphCLKFreq  stm32l0xx_hal_rcc_ex.o
    0x080013b4   0x080013b4   0x00000270   Code   RO         1508    i.HAL_RCCEx_PeriphCLKConfig  stm32l0xx_hal_rcc_ex.o
    0x08001624   0x08001624   0x000001f8   Code   RO         1394    i.HAL_RCC_ClockConfig  stm32l0xx_hal_rcc.o
    0x0800181c   0x0800181c   0x0000000c   Code   RO         1398    i.HAL_RCC_GetHCLKFreq  stm32l0xx_hal_rcc.o
    0x08001828   0x08001828   0x00000024   Code   RO         1400    i.HAL_RCC_GetPCLK1Freq  stm32l0xx_hal_rcc.o
    0x0800184c   0x0800184c   0x00000024   Code   RO         1401    i.HAL_RCC_GetPCLK2Freq  stm32l0xx_hal_rcc.o
    0x08001870   0x08001870   0x000000e4   Code   RO         1402    i.HAL_RCC_GetSysClockFreq  stm32l0xx_hal_rcc.o
    0x08001954   0x08001954   0x000006e0   Code   RO         1405    i.HAL_RCC_OscConfig  stm32l0xx_hal_rcc.o
    0x08002034   0x08002034   0x00000058   Code   RO         2341    i.HAL_RTCEx_EnableBypassShadow  stm32l0xx_hal_rtc_ex.o
    0x0800208c   0x0800208c   0x0000000a   Code   RO         4184    i.HAL_RTC_AlarmAEventCallback  mlm32l0xx_hal_msp.o
    0x08002096   0x08002096   0x00000112   Code   RO         2201    i.HAL_RTC_DeactivateAlarm  stm32l0xx_hal_rtc.o
    0x080021a8   0x080021a8   0x0000005c   Code   RO         2203    i.HAL_RTC_GetDate   stm32l0xx_hal_rtc.o
    0x08002204   0x08002204   0x0000006c   Code   RO         2205    i.HAL_RTC_GetTime   stm32l0xx_hal_rtc.o
    0x08002270   0x08002270   0x000000c8   Code   RO         2206    i.HAL_RTC_Init      stm32l0xx_hal_rtc.o
    0x08002338   0x08002338   0x00000060   Code   RO         4186    i.HAL_RTC_MspInit   mlm32l0xx_hal_msp.o
    0x08002398   0x08002398   0x0000025c   Code   RO         2211    i.HAL_RTC_SetAlarm_IT  stm32l0xx_hal_rtc.o
    0x080025f4   0x080025f4   0x00000130   Code   RO         2212    i.HAL_RTC_SetDate   stm32l0xx_hal_rtc.o
    0x08002724   0x08002724   0x00000154   Code   RO         2213    i.HAL_RTC_SetTime   stm32l0xx_hal_rtc.o
    0x08002878   0x08002878   0x0000003c   Code   RO         2214    i.HAL_RTC_WaitForSynchro  stm32l0xx_hal_rtc.o
    0x080028b4   0x080028b4   0x0000008e   Code   RO          636    i.HAL_SPI_Init      stm32l0xx_hal_spi.o
    0x08002942   0x08002942   0x00000002   Code   RO          638    i.HAL_SPI_MspInit   stm32l0xx_hal_spi.o
    0x08002944   0x08002944   0x0000037e   Code   RO          645    i.HAL_SPI_TransmitReceive  stm32l0xx_hal_spi.o
    0x08002cc2   0x08002cc2   0x00000082   Code   RO          889    i.HAL_UART_Init     stm32l0xx_hal_uart.o
    0x08002d44   0x08002d44   0x0000001c   Code   RO         4099    i.HAL_UART_MspInit  vcom.o
    0x08002d60   0x08002d60   0x000000f0   Code   RO          897    i.HAL_UART_Transmit  stm32l0xx_hal_uart.o
    0x08002e50   0x08002e50   0x00000094   Code   RO         4344    i.HW_AdcInit        mlm32l0xx_hw.o
    0x08002ee4   0x08002ee4   0x00000044   Code   RO         3795    i.HW_GPIO_GetBitPos  hw_gpio.o
    0x08002f28   0x08002f28   0x000000ec   Code   RO         3796    i.HW_GPIO_Init      hw_gpio.o
    0x08003014   0x08003014   0x00000024   Code   RO         3797    i.HW_GPIO_IrqHandler  hw_gpio.o
    0x08003038   0x08003038   0x00000044   Code   RO         3799    i.HW_GPIO_SetIrq    hw_gpio.o
    0x0800307c   0x0800307c   0x00000014   Code   RO         3800    i.HW_GPIO_Write     hw_gpio.o
    0x08003090   0x08003090   0x00000048   Code   RO         4350    i.HW_Init           mlm32l0xx_hw.o
    0x080030d8   0x080030d8   0x00000026   Code   RO         3846    i.HW_RTC_DelayMs    hw_rtc.o
    0x080030fe   0x080030fe   0x00000002   PAD
    0x08003100   0x08003100   0x000000bc   Code   RO         3847    i.HW_RTC_GetCalendarValue  hw_rtc.o
    0x080031bc   0x080031bc   0x00000004   Code   RO         3848    i.HW_RTC_GetMinimumTimeout  hw_rtc.o
    0x080031c0   0x080031c0   0x0000000c   Code   RO         3849    i.HW_RTC_GetTimerContext  hw_rtc.o
    0x080031cc   0x080031cc   0x0000001c   Code   RO         3850    i.HW_RTC_GetTimerElapsedTime  hw_rtc.o
    0x080031e8   0x080031e8   0x00000014   Code   RO         3851    i.HW_RTC_GetTimerValue  hw_rtc.o
    0x080031fc   0x080031fc   0x00000024   Code   RO         3852    i.HW_RTC_Init       hw_rtc.o
    0x08003220   0x08003220   0x00000058   Code   RO         3853    i.HW_RTC_IrqHandler  hw_rtc.o
    0x08003278   0x08003278   0x00000044   Code   RO         3854    i.HW_RTC_SetAlarm   hw_rtc.o
    0x080032bc   0x080032bc   0x00000014   Code   RO         3855    i.HW_RTC_SetAlarmConfig  hw_rtc.o
    0x080032d0   0x080032d0   0x00000070   Code   RO         3856    i.HW_RTC_SetConfig  hw_rtc.o
    0x08003340   0x08003340   0x0000001c   Code   RO         3857    i.HW_RTC_SetTimerContext  hw_rtc.o
    0x0800335c   0x0800335c   0x00000190   Code   RO         3858    i.HW_RTC_StartWakeUpAlarm  hw_rtc.o
    0x080034ec   0x080034ec   0x0000002c   Code   RO         3859    i.HW_RTC_StopAlarm  hw_rtc.o
    0x08003518   0x08003518   0x00000018   Code   RO         3860    i.HW_RTC_Tick2ms    hw_rtc.o
    0x08003530   0x08003530   0x00000018   Code   RO         3862    i.HW_RTC_ms2Tick    hw_rtc.o
    0x08003548   0x08003548   0x00000020   Code   RO         3975    i.HW_SPI_InOut      hw_spi.o
    0x08003568   0x08003568   0x000000c4   Code   RO         3976    i.HW_SPI_Init       hw_spi.o
    0x0800362c   0x0800362c   0x00000006   Code   RO         4247    i.HardFault_Handler  mlm32l0xx_it.o
    0x08003632   0x08003632   0x00000002   PAD
    0x08003634   0x08003634   0x00000038   Code   RO         4471    i.LPM_GetMode       low_power_manager.o
    0x0800366c   0x0800366c   0x00000040   Code   RO         4473    i.LPM_SetStopMode   low_power_manager.o
    0x080036ac   0x080036ac   0x0000009c   Code   RO         4187    i.MSP_GetIRQn       mlm32l0xx_hal_msp.o
    0x08003748   0x08003748   0x00000002   Code   RO         4249    i.NMI_Handler       mlm32l0xx_it.o
    0x0800374a   0x0800374a   0x00000002   PAD
    0x0800374c   0x0800374c   0x00000078   Code   RO         1798    i.NVIC_SetPriority  stm32l0xx_hal_cortex.o
    0x080037c4   0x080037c4   0x0000007c   Code   RO         4014    i.OnRxDone          main.o
    0x08003840   0x08003840   0x0000002c   Code   RO         4015    i.OnRxError         main.o
    0x0800386c   0x0800386c   0x00000018   Code   RO         4016    i.OnRxTimeout       main.o
    0x08003884   0x08003884   0x0000003c   Code   RO         4017    i.OnTxDone          main.o
    0x080038c0   0x080038c0   0x00000034   Code   RO         4018    i.OnTxTimeout       main.o
    0x080038f4   0x080038f4   0x00000014   Code   RO         4019    i.OnledEvent        main.o
    0x08003908   0x08003908   0x00000002   Code   RO         4250    i.PendSV_Handler    mlm32l0xx_it.o
    0x0800390a   0x0800390a   0x00000002   PAD
    0x0800390c   0x0800390c   0x00000098   Code   RO         1406    i.RCC_SetFlashLatencyFromMSIRange  stm32l0xx_hal_rcc.o
    0x080039a4   0x080039a4   0x000000dc   Code   RO         4020    i.RTC_AlarmConfig   main.o
    0x08003a80   0x08003a80   0x0000001a   Code   RO         2215    i.RTC_Bcd2ToByte    stm32l0xx_hal_rtc.o
    0x08003a9a   0x08003a9a   0x0000001a   Code   RO         2216    i.RTC_ByteToBcd2    stm32l0xx_hal_rtc.o
    0x08003ab4   0x08003ab4   0x00000042   Code   RO         2217    i.RTC_EnterInitMode  stm32l0xx_hal_rtc.o
    0x08003af6   0x08003af6   0x00000008   Code   RO         4251    i.RTC_IRQHandler    mlm32l0xx_it.o
    0x08003afe   0x08003afe   0x00000002   PAD
    0x08003b00   0x08003b00   0x000000b0   Code   RO            4    i.RxChainCalibration  sx1276.o
    0x08003bb0   0x08003bb0   0x00000118   Code   RO          666    i.SPI_WaitOnFlagUntilTimeout  stm32l0xx_hal_spi.o
    0x08003cc8   0x08003cc8   0x00000002   Code   RO         4252    i.SVC_Handler       mlm32l0xx_it.o
    0x08003cca   0x08003cca   0x00000002   PAD
    0x08003ccc   0x08003ccc   0x00000060   Code   RO          429    i.SX1276AntSwDeInit  mlm32l07x01.o
    0x08003d2c   0x08003d2c   0x00000060   Code   RO          430    i.SX1276AntSwInit   mlm32l07x01.o
    0x08003d8c   0x08003d8c   0x0000000c   Code   RO            5    i.SX1276BoardInit   sx1276.o
    0x08003d98   0x08003d98   0x00000006   Code   RO          431    i.SX1276CheckRfFrequency  mlm32l07x01.o
    0x08003d9e   0x08003d9e   0x0000000e   Code   RO          432    i.SX1276GetPaSelect  mlm32l07x01.o
    0x08003dac   0x08003dac   0x00000014   Code   RO            6    i.SX1276GetRadioWakeUpTime  sx1276.o
    0x08003dc0   0x08003dc0   0x0000000c   Code   RO            7    i.SX1276GetStatus   sx1276.o
    0x08003dcc   0x08003dcc   0x000002a0   Code   RO            8    i.SX1276GetTimeOnAir  sx1276.o
    0x0800406c   0x0800406c   0x00000004   Code   RO          433    i.SX1276GetWakeTime  mlm32l07x01.o
    0x08004070   0x08004070   0x000000ac   Code   RO            9    i.SX1276Init        sx1276.o
    0x0800411c   0x0800411c   0x00000050   Code   RO          434    i.SX1276IoDeInit    mlm32l07x01.o
    0x0800416c   0x0800416c   0x00000074   Code   RO          435    i.SX1276IoInit      mlm32l07x01.o
    0x080041e0   0x080041e0   0x00000040   Code   RO          436    i.SX1276IoIrqInit   mlm32l07x01.o
    0x08004220   0x08004220   0x0000005c   Code   RO           10    i.SX1276IsChannelFree  sx1276.o
    0x0800427c   0x0800427c   0x000003ac   Code   RO           11    i.SX1276OnDio0Irq   sx1276.o
    0x08004628   0x08004628   0x00000190   Code   RO           12    i.SX1276OnDio1Irq   sx1276.o
    0x080047b8   0x080047b8   0x00000140   Code   RO           13    i.SX1276OnDio2Irq   sx1276.o
    0x080048f8   0x080048f8   0x0000007c   Code   RO           14    i.SX1276OnDio3Irq   sx1276.o
    0x08004974   0x08004974   0x00000030   Code   RO           15    i.SX1276OnDio4Irq   sx1276.o
    0x080049a4   0x080049a4   0x00000110   Code   RO           17    i.SX1276OnTimeoutIrq  sx1276.o
    0x08004ab4   0x08004ab4   0x00000040   Code   RO           18    i.SX1276Random      sx1276.o
    0x08004af4   0x08004af4   0x00000014   Code   RO           19    i.SX1276Read        sx1276.o
    0x08004b08   0x08004b08   0x00000040   Code   RO           20    i.SX1276ReadBuffer  sx1276.o
    0x08004b48   0x08004b48   0x00000012   Code   RO           21    i.SX1276ReadFifo    sx1276.o
    0x08004b5a   0x08004b5a   0x00000002   PAD
    0x08004b5c   0x08004b5c   0x00000054   Code   RO           22    i.SX1276ReadRssi    sx1276.o
    0x08004bb0   0x08004bb0   0x00000050   Code   RO           23    i.SX1276Reset       sx1276.o
    0x08004c00   0x08004c00   0x00000130   Code   RO           24    i.SX1276Send        sx1276.o
    0x08004d30   0x08004d30   0x0000006c   Code   RO          437    i.SX1276SetAntSw    mlm32l07x01.o
    0x08004d9c   0x08004d9c   0x00000014   Code   RO          438    i.SX1276SetAntSwLowPower  mlm32l07x01.o
    0x08004db0   0x08004db0   0x00000058   Code   RO           25    i.SX1276SetChannel  sx1276.o
    0x08004e08   0x08004e08   0x0000003c   Code   RO           26    i.SX1276SetMaxPayloadLength  sx1276.o
    0x08004e44   0x08004e44   0x00000098   Code   RO           27    i.SX1276SetModem    sx1276.o
    0x08004edc   0x08004edc   0x00000070   Code   RO           28    i.SX1276SetOpMode   sx1276.o
    0x08004f4c   0x08004f4c   0x0000002c   Code   RO           29    i.SX1276SetPublicNetwork  sx1276.o
    0x08004f78   0x08004f78   0x000000c4   Code   RO          439    i.SX1276SetRfTxPower  mlm32l07x01.o
    0x0800503c   0x0800503c   0x00000290   Code   RO           30    i.SX1276SetRx       sx1276.o
    0x080052cc   0x080052cc   0x0000031c   Code   RO           31    i.SX1276SetRxConfig  sx1276.o
    0x080055e8   0x080055e8   0x00000028   Code   RO           32    i.SX1276SetSleep    sx1276.o
    0x08005610   0x08005610   0x00000028   Code   RO           33    i.SX1276SetStby     sx1276.o
    0x08005638   0x08005638   0x000000cc   Code   RO           34    i.SX1276SetTx       sx1276.o
    0x08005704   0x08005704   0x00000270   Code   RO           35    i.SX1276SetTxConfig  sx1276.o
    0x08005974   0x08005974   0x00000088   Code   RO           36    i.SX1276SetTxContinuousWave  sx1276.o
    0x080059fc   0x080059fc   0x0000002c   Code   RO          440    i.SX1276SetXO       mlm32l07x01.o
    0x08005a28   0x08005a28   0x00000048   Code   RO           37    i.SX1276StartCad    sx1276.o
    0x08005a70   0x08005a70   0x00000010   Code   RO           38    i.SX1276Write       sx1276.o
    0x08005a80   0x08005a80   0x00000040   Code   RO           39    i.SX1276WriteBuffer  sx1276.o
    0x08005ac0   0x08005ac0   0x00000012   Code   RO           40    i.SX1276WriteFifo   sx1276.o
    0x08005ad2   0x08005ad2   0x00000002   PAD
    0x08005ad4   0x08005ad4   0x0000004c   Code   RO         3977    i.SpiFrequency      hw_spi.o
    0x08005b20   0x08005b20   0x00000008   Code   RO         4253    i.SysTick_Handler   mlm32l0xx_it.o
    0x08005b28   0x08005b28   0x000000a0   Code   RO         4354    i.SystemClock_Config  mlm32l0xx_hw.o
    0x08005bc8   0x08005bc8   0x00000068   Code   RO          596    i.SystemInit        system_stm32l0xx.o
    0x08005c30   0x08005c30   0x00000020   Code   RO         4542    i.TimerExists       timeserver.o
    0x08005c50   0x08005c50   0x00000010   Code   RO         4543    i.TimerGetCurrentTime  timeserver.o
    0x08005c60   0x08005c60   0x0000001a   Code   RO         4544    i.TimerGetElapsedTime  timeserver.o
    0x08005c7a   0x08005c7a   0x0000000e   Code   RO         4545    i.TimerInit         timeserver.o
    0x08005c88   0x08005c88   0x00000024   Code   RO         4546    i.TimerInsertNewHeadTimer  timeserver.o
    0x08005cac   0x08005cac   0x00000034   Code   RO         4547    i.TimerInsertTimer  timeserver.o
    0x08005ce0   0x08005ce0   0x000000b8   Code   RO         4548    i.TimerIrqHandler   timeserver.o
    0x08005d98   0x08005d98   0x0000002a   Code   RO         4550    i.TimerSetTimeout   timeserver.o
    0x08005dc2   0x08005dc2   0x00000028   Code   RO         4551    i.TimerSetValue     timeserver.o
    0x08005dea   0x08005dea   0x00000002   PAD
    0x08005dec   0x08005dec   0x00000078   Code   RO         4552    i.TimerStart        timeserver.o
    0x08005e64   0x08005e64   0x000000b8   Code   RO         4553    i.TimerStop         timeserver.o
    0x08005f1c   0x08005f1c   0x000000f0   Code   RO          902    i.UART_AdvFeatureConfig  stm32l0xx_hal_uart.o
    0x0800600c   0x0800600c   0x00000074   Code   RO          903    i.UART_CheckIdleState  stm32l0xx_hal_uart.o
    0x08006080   0x08006080   0x000003f0   Code   RO          918    i.UART_SetConfig    stm32l0xx_hal_uart.o
    0x08006470   0x08006470   0x00000070   Code   RO          920    i.UART_WaitOnFlagUntilTimeout  stm32l0xx_hal_uart.o
    0x080064e0   0x080064e0   0x00000008   Code   RO         4254    i.USART2_IRQHandler  mlm32l0xx_it.o
    0x080064e8   0x080064e8   0x00000024   Code   RO         4741    i.__0vsprintf       mc_p.l(printfa.o)
    0x0800650c   0x0800650c   0x0000002e   Code   RO         4806    i.__ARM_clz         mf_p.l(depilogue.o)
    0x0800653a   0x0800653a   0x00000030   Code   RO         1205    i.__ARM_common_ll_muluu  stm32l0xx_hal_uart.o
    0x0800656a   0x0800656a   0x0000001c   Code   RO          245    i.__ARM_common_switch8  sx1276.o
    0x08006586   0x08006586   0x0000000e   Code   RO         4820    i.__scatterload_copy  mc_p.l(handlers.o)
    0x08006594   0x08006594   0x00000002   Code   RO         4821    i.__scatterload_null  mc_p.l(handlers.o)
    0x08006596   0x08006596   0x0000000e   Code   RO         4822    i.__scatterload_zeroinit  mc_p.l(handlers.o)
    0x080065a4   0x080065a4   0x00000006   Code   RO         4554    i.__set_PRIMASK     timeserver.o
    0x080065aa   0x080065aa   0x00000002   PAD
    0x080065ac   0x080065ac   0x00000174   Code   RO         4742    i._fp_digits        mc_p.l(printfa.o)
    0x08006720   0x08006720   0x000006ec   Code   RO         4743    i._printf_core      mc_p.l(printfa.o)
    0x08006e0c   0x08006e0c   0x00000020   Code   RO         4744    i._printf_post_padding  mc_p.l(printfa.o)
    0x08006e2c   0x08006e2c   0x0000002c   Code   RO         4745    i._printf_pre_padding  mc_p.l(printfa.o)
    0x08006e58   0x08006e58   0x0000000a   Code   RO         4747    i._sputc            mc_p.l(printfa.o)
    0x08006e62   0x08006e62   0x00000002   PAD
    0x08006e64   0x08006e64   0x000000c8   Code   RO         4708    i.ceil              m_ps.l(ceil.o)
    0x08006f2c   0x08006f2c   0x000000c8   Code   RO         4712    i.floor             m_ps.l(floor.o)
    0x08006ff4   0x08006ff4   0x00000424   Code   RO         4021    i.main              main.o
    0x08007418   0x08007418   0x00000018   Code   RO         4645    i.memcpy1           utilities.o
    0x08007430   0x08007430   0x0000009c   Code   RO         4715    i.round             m_ps.l(round.o)
    0x080074cc   0x080074cc   0x00000044   Code   RO         4101    i.vcom_Init         vcom.o
    0x08007510   0x08007510   0x0000007c   Code   RO         4103    i.vcom_IoInit       vcom.o
    0x0800758c   0x0800758c   0x0000007c   Code   RO         4104    i.vcom_Print        vcom.o
    0x08007608   0x08007608   0x0000009c   Code   RO         4105    i.vcom_Send         vcom.o
    0x080076a4   0x080076a4   0x000000e0   Data   RO           42    .constdata          sx1276.o
    0x08007784   0x08007784   0x00000068   Data   RO          441    .constdata          mlm32l07x01.o
    0x080077ec   0x080077ec   0x0000000b   Data   RO          535    .constdata          b-l072z-lrwan1.o
    0x080077f7   0x080077f7   0x00000021   Data   RO          597    .constdata          system_stm32l0xx.o
    0x08007818   0x08007818   0x00000018   Data   RO         3865    .constdata          hw_rtc.o
    0x08007830   0x08007830   0x00000020   Data   RO         4818    Region$$Table       anon$$obj.o


    Execution Region RW_IRAM1 (Exec base: 0x20000000, Load base: 0x08007850, Size: 0x00000a10, Max: 0x00005000, ABSOLUTE)

    Exec Addr    Load Addr    Size         Type   Attr      Idx    E Section Name        Object

    0x20000000   0x08007850   0x00000020   Data   RW           43    .data               sx1276.o
    0x20000020   0x08007870   0x00000018   Data   RW          442    .data               mlm32l07x01.o
    0x20000038   0x08007888   0x00000014   Data   RW          536    .data               b-l072z-lrwan1.o
    0x2000004c   0x0800789c   0x00000004   Data   RW          598    .data               system_stm32l0xx.o
    0x20000050   0x080078a0   0x00000004   Data   RW         1643    .data               stm32l0xx_hal.o
    0x20000054   0x080078a4   0x00000004   Data   RW         3866    .data               hw_rtc.o
    0x20000058   0x080078a8   0x0000000e   Data   RW         4024    .data               main.o
    0x20000066   0x080078b6   0x00000004   Data   RW         4108    .data               vcom.o
    0x2000006a   0x080078ba   0x00000002   Data   RW         4357    .data               mlm32l0xx_hw.o
    0x2000006c   0x080078bc   0x00000008   Data   RW         4475    .data               low_power_manager.o
    0x20000074   0x080078c4   0x00000004   Data   RW         4555    .data               timeserver.o
    0x20000078        -       0x000001a4   Zero   RW           41    .bss                sx1276.o
    0x2000021c        -       0x00000040   Zero   RW         3801    .bss                hw_gpio.o
    0x2000025c        -       0x00000068   Zero   RW         3864    .bss                hw_rtc.o
    0x200002c4        -       0x00000058   Zero   RW         3978    .bss                hw_spi.o
    0x2000031c        -       0x00000100   Zero   RW         4022    .bss                main.o
    0x2000041c        -       0x00000170   Zero   RW         4107    .bss                vcom.o
    0x2000058c        -       0x00000060   Zero   RW         4356    .bss                mlm32l0xx_hw.o
    0x200005ec        -       0x00000024   Zero   RW         4474    .bss                low_power_manager.o
    0x20000610        -       0x00000400   Zero   RW         3760    STACK               startup_stm32l072xx.o


==============================================================================

Image component sizes


      Code (inc. data)   RO Data    RW Data    ZI Data      Debug   Object Name

       264         30         11         20          0       3479   b-l072z-lrwan1.o
        80          4          0          0          0       1015   debug.o
        12          0          0          0          0        614   delay.o
       428         36          0          0         64       3969   hw_gpio.o
      1134        122         24          4        104      12247   hw_rtc.o
       304         28          0          0         88       2045   hw_spi.o
       120         14          0          8         36       2140   low_power_manager.o
      1672        466          0         14        256       7732   main.o
       844         58        104         24          0      14129   mlm32l07x01.o
       316         10          0          0          0       4024   mlm32l0xx_hal_msp.o
       380         34          0          2         96       2144   mlm32l0xx_hw.o
       160          0          0          0          0       4940   mlm32l0xx_it.o
        28          8        192          0       1024        648   startup_stm32l072xx.o
       120         32          0          4          0       4708   stm32l0xx_hal.o
       566         10          0          0          0       2157   stm32l0xx_hal_adc.o
       210         28          0          0          0      11820   stm32l0xx_hal_cortex.o
       556         38          0          0          0       3872   stm32l0xx_hal_gpio.o
        60         14          0          0          0       1180   stm32l0xx_hal_pwr.o
        40          8          0          0          0       1209   stm32l0xx_hal_pwr_ex.o
      2728        122          0          0          0       7584   stm32l0xx_hal_rcc.o
      1520         56          0          0          0       3253   stm32l0xx_hal_rcc_ex.o
      2100         36          0          0          0      10034   stm32l0xx_hal_rtc.o
        88          0          0          0          0       1255   stm32l0xx_hal_rtc_ex.o
      1318          0          0          0          0       4415   stm32l0xx_hal_spi.o
      1894         58          0          0          0       6409   stm32l0xx_hal_uart.o
      7096        444        224         32        420     441292   sx1276.o
       104         16         33          4          0       1695   system_stm32l0xx.o
       752         32          0          4          0       9911   timeserver.o
        24          0          0          0          0       1294   utilities.o
       500         44          0          4        368       6271   vcom.o

    ----------------------------------------------------------------------
     25444       1748        620        120       2456     577485   Object Totals
         0          0         32          0          0          0   (incl. Generated)
        26          0          0          0          0          0   (incl. Padding)

    ----------------------------------------------------------------------

      Code (inc. data)   RO Data    RW Data    ZI Data      Debug   Library Member Name

       200         20          0          0          0         76   ceil.o
       200         20          0          0          0         76   floor.o
       156         14          0          0          0         84   round.o
         0          0          0          0          0          0   entry.o
         0          0          0          0          0          0   entry10a.o
         0          0          0          0          0          0   entry11a.o
         8          4          0          0          0          0   entry2.o
         4          0          0          0          0          0   entry5.o
         0          0          0          0          0          0   entry7b.o
         0          0          0          0          0          0   entry8b.o
         8          4          0          0          0          0   entry9a.o
        30          0          0          0          0          0   handlers.o
        40          0          0          0          0         72   idiv.o
        36          8          0          0          0         68   init.o
         0          0          0          0          0          0   iusefp.o
        32          0          0          0          0         68   llshl.o
        38          0          0          0          0         68   llsshr.o
        34          0          0          0          0         68   llushr.o
        36          0          0          0          0         60   memcpya.o
        36          0          0          0          0        100   memseta.o
      2266         96          0          0          0        460   printfa.o
        30          0          0          0          0         72   strncmp.o
        44          0          0          0          0         72   uidiv.o
        96          0          0          0          0         84   uldiv.o
        40          2          0          0          0         68   cdcmple.o
        40          2          0          0          0         68   cdrcmple.o
       356          4          0          0          0        140   dadd.o
       240          6          0          0          0         84   ddiv.o
       236          0          0          0          0        216   depilogue.o
        60         10          0          0          0         68   dfixui.o
        64         10          0          0          0         68   dfixul.o
        40          6          0          0          0         68   dflti.o
        28          4          0          0          0         68   dfltui.o
       208          6          0          0          0         88   dmul.o
       124         10          0          0          0         76   drnd.o

    ----------------------------------------------------------------------
      4736        226          0          0          0       2440   Library Totals
         6          0          0          0          0          0   (incl. Padding)

    ----------------------------------------------------------------------

      Code (inc. data)   RO Data    RW Data    ZI Data      Debug   Library Name

       556         54          0          0          0        236   m_ps.l
      2738        112          0          0          0       1192   mc_p.l
      1436         60          0          0          0       1012   mf_p.l

    ----------------------------------------------------------------------
      4736        226          0          0          0       2440   Library Totals

    ----------------------------------------------------------------------

==============================================================================


      Code (inc. data)   RO Data    RW Data    ZI Data      Debug   

     30180       1974        620        120       2456     570953   Grand Totals
     30180       1974        620        120       2456     570953   ELF Image Totals
     30180       1974        620        120          0          0   ROM Totals

==============================================================================

    Total RO  Size (Code + RO Data)                30800 (  30.08kB)
    Total RW  Size (RW Data + ZI Data)              2576 (   2.52kB)
    Total ROM Size (Code + RO Data + RW Data)      30920 (  30.20kB)

==============================================================================

